###############################################################################
#
# IAR ELF Linker V7.50.1.10123/W32 for ARM                15/Jul/2018  10:36:27
# Copyright 2007-2015 IAR Systems AB.
#
#    Output file  =  
#        F:\iar\NC210\NC210-200处理板\project\app_release\Exe\OS.out
#    Map file     =  
#        F:\iar\NC210\NC210-200处理板\project\app_release\List\OS.map
#    Command line =  
#        F:\iar\NC210\NC210-200处理板\project\app_release\Obj\app.o
#        F:\iar\NC210\NC210-200处理板\project\app_release\Obj\app_dtu_rec.o
#        F:\iar\NC210\NC210-200处理板\project\app_release\Obj\app_dtu_send.o
#        F:\iar\NC210\NC210-200处理板\project\app_release\Obj\app_ModbusInit.o
#        F:\iar\NC210\NC210-200处理板\project\app_release\Obj\app_mtr_com.o
#        F:\iar\NC210\NC210-200处理板\project\app_release\Obj\app_task_com.o
#        F:\iar\NC210\NC210-200处理板\project\app_release\Obj\app_task_osal.o
#        F:\iar\NC210\NC210-200处理板\project\app_release\Obj\app_task_osal_disp.o
#        F:\iar\NC210\NC210-200处理板\project\app_release\Obj\app_task_osal_led.o
#        F:\iar\NC210\NC210-200处理板\project\app_release\Obj\APP_task_osal_store.o
#        F:\iar\NC210\NC210-200处理板\project\app_release\Obj\app_task_osal_tmr.o
#        F:\iar\NC210\NC210-200处理板\project\app_release\Obj\app_var.o
#        F:\iar\NC210\NC210-200处理板\project\app_release\Obj\bsp.o
#        F:\iar\NC210\NC210-200处理板\project\app_release\Obj\bsp_flash.o
#        F:\iar\NC210\NC210-200处理板\project\app_release\Obj\bsp_FRAM.o
#        F:\iar\NC210\NC210-200处理板\project\app_release\Obj\bsp_IIC.o
#        F:\iar\NC210\NC210-200处理板\project\app_release\Obj\bsp_IIC_2.o
#        F:\iar\NC210\NC210-200处理板\project\app_release\Obj\bsp_int.o
#        F:\iar\NC210\NC210-200处理板\project\app_release\Obj\bsp_max7219.o
#        F:\iar\NC210\NC210-200处理板\project\app_release\Obj\bsp_os.o
#        F:\iar\NC210\NC210-200处理板\project\app_release\Obj\bsp_periph.o
#        F:\iar\NC210\NC210-200处理板\project\app_release\Obj\bsp_q560.o
#        F:\iar\NC210\NC210-200处理板\project\app_release\Obj\bsp_time.o
#        F:\iar\NC210\NC210-200处理板\project\app_release\Obj\bsp_wdt.o
#        F:\iar\NC210\NC210-200处理板\project\app_release\Obj\core_cm3.o
#        F:\iar\NC210\NC210-200处理板\project\app_release\Obj\cortexm3_macro.o
#        F:\iar\NC210\NC210-200处理板\project\app_release\Obj\cpu_a.o
#        F:\iar\NC210\NC210-200处理板\project\app_release\Obj\cpu_c.o
#        F:\iar\NC210\NC210-200处理板\project\app_release\Obj\cpu_core.o
#        F:\iar\NC210\NC210-200处理板\project\app_release\Obj\CrcCheck.o
#        F:\iar\NC210\NC210-200处理板\project\app_release\Obj\csnr_package_deal.o
#        F:\iar\NC210\NC210-200处理板\project\app_release\Obj\cstartup.o
#        F:\iar\NC210\NC210-200处理板\project\app_release\Obj\DS3231.o
#        F:\iar\NC210\NC210-200处理板\project\app_release\Obj\hook.o
#        F:\iar\NC210\NC210-200处理板\project\app_release\Obj\IAP_program_mcu.o
#        F:\iar\NC210\NC210-200处理板\project\app_release\Obj\lib_ascii.o
#        F:\iar\NC210\NC210-200处理板\project\app_release\Obj\lib_math.o
#        F:\iar\NC210\NC210-200处理板\project\app_release\Obj\lib_mem.o
#        F:\iar\NC210\NC210-200处理板\project\app_release\Obj\lib_mem_a.o
#        F:\iar\NC210\NC210-200处理板\project\app_release\Obj\lib_str.o
#        F:\iar\NC210\NC210-200处理板\project\app_release\Obj\MB.o
#        F:\iar\NC210\NC210-200处理板\project\app_release\Obj\mb_app_hooks.o
#        F:\iar\NC210\NC210-200处理板\project\app_release\Obj\MB_BSP.o
#        F:\iar\NC210\NC210-200处理板\project\app_release\Obj\MB_DATA.o
#        F:\iar\NC210\NC210-200处理板\project\app_release\Obj\MB_OS.o
#        F:\iar\NC210\NC210-200处理板\project\app_release\Obj\MB_UTIL.o
#        F:\iar\NC210\NC210-200处理板\project\app_release\Obj\MBM_CORE.o
#        F:\iar\NC210\NC210-200处理板\project\app_release\Obj\MBS_CORE.o
#        F:\iar\NC210\NC210-200处理板\project\app_release\Obj\MX25.o
#        F:\iar\NC210\NC210-200处理板\project\app_release\Obj\os_app_hooks.o
#        F:\iar\NC210\NC210-200处理板\project\app_release\Obj\os_cfg_app.o
#        F:\iar\NC210\NC210-200处理板\project\app_release\Obj\os_core.o
#        F:\iar\NC210\NC210-200处理板\project\app_release\Obj\os_cpu_a.o
#        F:\iar\NC210\NC210-200处理板\project\app_release\Obj\os_cpu_c.o
#        F:\iar\NC210\NC210-200处理板\project\app_release\Obj\os_dbg.o
#        F:\iar\NC210\NC210-200处理板\project\app_release\Obj\os_flag.o
#        F:\iar\NC210\NC210-200处理板\project\app_release\Obj\os_int.o
#        F:\iar\NC210\NC210-200处理板\project\app_release\Obj\os_mem.o
#        F:\iar\NC210\NC210-200处理板\project\app_release\Obj\os_msg.o
#        F:\iar\NC210\NC210-200处理板\project\app_release\Obj\os_mutex.o
#        F:\iar\NC210\NC210-200处理板\project\app_release\Obj\os_pend_multi.o
#        F:\iar\NC210\NC210-200处理板\project\app_release\Obj\os_prio.o
#        F:\iar\NC210\NC210-200处理板\project\app_release\Obj\os_q.o
#        F:\iar\NC210\NC210-200处理板\project\app_release\Obj\os_sem.o
#        F:\iar\NC210\NC210-200处理板\project\app_release\Obj\os_stat.o
#        F:\iar\NC210\NC210-200处理板\project\app_release\Obj\os_task.o
#        F:\iar\NC210\NC210-200处理板\project\app_release\Obj\os_tick.o
#        F:\iar\NC210\NC210-200处理板\project\app_release\Obj\os_time.o
#        F:\iar\NC210\NC210-200处理板\project\app_release\Obj\os_tmr.o
#        F:\iar\NC210\NC210-200处理板\project\app_release\Obj\os_var.o
#        F:\iar\NC210\NC210-200处理板\project\app_release\Obj\osal.o
#        F:\iar\NC210\NC210-200处理板\project\app_release\Obj\osal_event.o
#        F:\iar\NC210\NC210-200处理板\project\app_release\Obj\osal_memory.o
#        F:\iar\NC210\NC210-200处理板\project\app_release\Obj\osal_timer.o
#        F:\iar\NC210\NC210-200处理板\project\app_release\Obj\stm32f10x_adc.o
#        F:\iar\NC210\NC210-200处理板\project\app_release\Obj\stm32f10x_bkp.o
#        F:\iar\NC210\NC210-200处理板\project\app_release\Obj\stm32f10x_can.o
#        F:\iar\NC210\NC210-200处理板\project\app_release\Obj\stm32f10x_crc.o
#        F:\iar\NC210\NC210-200处理板\project\app_release\Obj\stm32f10x_dac.o
#        F:\iar\NC210\NC210-200处理板\project\app_release\Obj\stm32f10x_dbgmcu.o
#        F:\iar\NC210\NC210-200处理板\project\app_release\Obj\stm32f10x_dma.o
#        F:\iar\NC210\NC210-200处理板\project\app_release\Obj\stm32f10x_exti.o
#        F:\iar\NC210\NC210-200处理板\project\app_release\Obj\stm32f10x_flash.o
#        F:\iar\NC210\NC210-200处理板\project\app_release\Obj\stm32f10x_fsmc.o
#        F:\iar\NC210\NC210-200处理板\project\app_release\Obj\stm32f10x_gpio.o
#        F:\iar\NC210\NC210-200处理板\project\app_release\Obj\stm32f10x_i2c.o
#        F:\iar\NC210\NC210-200处理板\project\app_release\Obj\stm32f10x_iwdg.o
#        F:\iar\NC210\NC210-200处理板\project\app_release\Obj\stm32f10x_lib.o
#        F:\iar\NC210\NC210-200处理板\project\app_release\Obj\stm32f10x_nvic.o
#        F:\iar\NC210\NC210-200处理板\project\app_release\Obj\stm32f10x_pwr.o
#        F:\iar\NC210\NC210-200处理板\project\app_release\Obj\stm32f10x_rcc.o
#        F:\iar\NC210\NC210-200处理板\project\app_release\Obj\stm32f10x_rtc.o
#        F:\iar\NC210\NC210-200处理板\project\app_release\Obj\stm32f10x_sdio.o
#        F:\iar\NC210\NC210-200处理板\project\app_release\Obj\stm32f10x_spi.o
#        F:\iar\NC210\NC210-200处理板\project\app_release\Obj\stm32f10x_systick.o
#        F:\iar\NC210\NC210-200处理板\project\app_release\Obj\stm32f10x_tim.o
#        F:\iar\NC210\NC210-200处理板\project\app_release\Obj\stm32f10x_usart.o
#        F:\iar\NC210\NC210-200处理板\project\app_release\Obj\stm32f10x_wwdg.o
#        --redirect _Printf=_PrintfFull --redirect _Scanf=_ScanfFull -o
#        F:\iar\NC210\NC210-200处理板\project\app_release\Exe\OS.out --map
#        F:\iar\NC210\NC210-200处理板\project\app_release\List\OS.map --config
#        F:\iar\NC210\NC210-200处理板\project\..\source\Software\EvalBoards\Micrium\uC-Eval-STM32F107\BSP\IAR\STM32_FLASH_app_realse.icf
#        --semihosting --entry __iar_program_start --vfe
#
###############################################################################

*******************************************************************************
*** RUNTIME MODEL ATTRIBUTES
***

CppFlavor                     = *
__Heap_Handler                = Basic
__SystemLibrary               = DLib
__dlib_dynamic_initialization = normal


*******************************************************************************
*** PLACEMENT SUMMARY
***

"A1":  place at 0x08010000 { ro section .intvec };
"P2":  place in [from 0x08010000 to 0x08020000] { ro };
"P3":  place in [from 0x20000000 to 0x2000ffff] { rw, block CSTACK, block HEAP };

  Section             Kind        Address    Size  Object
  -------             ----        -------    ----  ------
"A1":                                       0x150
  .intvec             const    0x08010000   0x150  cstartup.o [1]
                             - 0x08010150   0x150

"P2":                                      0xe0e0
  .text               ro code  0x08010150  0x1152  xprintffull.o [3]
  .text               ro code  0x080112a2    0x20  xmbtowc.o [3]
  .text               ro code  0x080112c2    0x1a  cstartup.o [1]
  .text               ro code  0x080112dc    0x16  strchr.o [5]
  .text               ro code  0x080112f2    0x1a  xsnprout.o [3]
  .text               ro code  0x0801130c    0x36  strlen.o [5]
  .rodata             const    0x08011342     0x2  os_cfg_app.o [1]
  .text               ro code  0x08011344    0x58  memchr.o [5]
  .text               ro code  0x0801139c     0xa  xmbcurmax.o [3]
  .rodata             const    0x080113a6     0x2  os_dbg.o [1]
  .text               ro code  0x080113a8    0xb0  xxmemxmalloc.o [3]
  .text               ro code  0x08011458    0x1a  xwctomb.o [3]
  .rodata             const    0x08011472     0x2  os_dbg.o [1]
  .text               ro code  0x08011474    0x76  ABImemcpy_unaligned.o [5]
  .rodata             const    0x080114ea     0x2  os_dbg.o [1]
  .text               ro code  0x080114ec    0x80  xxmemxfree.o [3]
  .text               ro code  0x0801156c    0xee  I64DivMod.o [5]
  .text               ro code  0x0801165a    0x42  xdnorm.o [4]
  .text               ro code  0x0801169c    0x2e  DblCmpLe.o [4]
  .rodata             const    0x080116ca     0x2  os_dbg.o [1]
  .text               ro code  0x080116cc    0x2e  DblCmpGe.o [4]
  .rodata             const    0x080116fa     0x2  os_dbg.o [1]
  .text               ro code  0x080116fc   0x10c  xdscale.o [4]
  .text               ro code  0x08011808    0x58  DblToI32.o [4]
  .text               ro code  0x08011860    0x30  I32ToDbl.o [4]
  .text               ro code  0x08011890   0x180  DblSub.o [4]
  .text               ro code  0x08011a10   0x1a2  DblMul.o [4]
  .rodata             const    0x08011bb2     0x2  os_dbg.o [1]
  .text               ro code  0x08011bb4   0x256  DblDiv.o [4]
  .rodata             const    0x08011e0a     0x2  os_dbg.o [1]
  .text               ro code  0x08011e0c    0x6c  localeconv.o [3]
  .text               ro code  0x08011e78     0xe  div.o [3]
  .rodata             const    0x08011e86     0x2  os_dbg.o [1]
  .text               ro code  0x08011e88    0x24  setlocale.o [3]
  .text               ro code  0x08011eac    0x60  xencoding_sb.o [3]
  .text               ro code  0x08011f0c    0x2c  xgetmemchunk.o [3]
  .text               ro code  0x08011f38     0x2  I64DivZer.o [5]
  .rodata             const    0x08011f3a     0x2  os_dbg.o [1]
  .text               ro code  0x08011f3c    0xe8  DblAdd.o [4]
  .text               ro code  0x08012024     0x2  xtls.o [3]
  .text               ro code  0x08012026   0xa82  MBS_CORE.o [1]
  .text               ro code  0x08012aa8    0xee  MB_DATA.o [1]
  .rodata             const    0x08012b96     0x2  os_dbg.o [1]
  .text               ro code  0x08012b98   0x344  MB.o [1]
  .text               ro code  0x08012edc   0x4b8  app_ModbusInit.o [1]
  .text               ro code  0x08013394    0x92  MB_UTIL.o [1]
  .rodata             const    0x08013426     0x2  os_dbg.o [1]
  .text               ro code  0x08013428   0x1e0  MB_OS.o [1]
  .text               ro code  0x08013608   0x60c  MB_BSP.o [1]
  .text               ro code  0x08013c14   0x2a8  csnr_package_deal.o [1]
  .text               ro code  0x08013ebc   0x704  os_flag.o [1]
  .text               ro code  0x080145c0   0x440  bsp_q560.o [1]
  .text               ro code  0x08014a00    0xb2  bsp_os.o [1]
  .rodata             const    0x08014ab2     0x2  os_dbg.o [1]
  .text               ro code  0x08014ab4    0x32  I32ToFlt.o [4]
  .rodata             const    0x08014ae6     0x2  os_dbg.o [1]
  .text               ro code  0x08014ae8    0x4e  FltToDbl.o [4]
  .rodata             const    0x08014b36     0x2  os_dbg.o [1]
  .text               ro code  0x08014b38   0x3a0  os_q.o [1]
  .text               ro code  0x08014ed8   0x834  os_task.o [1]
  .text               ro code  0x0801570c   0x324  os_sem.o [1]
  .text               ro code  0x08015a30   0x418  stm32f10x_rcc.o [1]
  .text               ro code  0x08015e48    0xf8  stm32f10x_gpio.o [1]
  .text               ro code  0x08015f40   0x1d0  stm32f10x_usart.o [1]
  .text               ro code  0x08016110   0x2fa  bsp_int.o [1]
  .rodata             const    0x0801640a     0x2  os_dbg.o [1]
  .text               ro code  0x0801640c   0x5f4  bsp.o [1]
  .text               ro code  0x08016a00   0x18c  stm32f10x_tim.o [1]
  .text               ro code  0x08016b8c    0x60  CrcCheck.o [1]
  CODE                ro code  0x08016bec    0x34  cpu_a.o [1]
  .text               ro code  0x08016c20   0x19c  cpu_core.o [1]
  .text               ro code  0x08016dbc   0x7d0  os_core.o [1]
  .text               ro code  0x0801758c   0x484  os_tick.o [1]
  .text               ro code  0x08017a10     0x8  bsp_q560.o [1]
  .text               ro code  0x08017a18    0x6c  strncpy_unaligned.o [5]
  .text               ro code  0x08017a84     0x8  atof.o [4]
  .text               ro code  0x08017a8c    0x90  DblToFlt.o [4]
  .text               ro code  0x08017b1c    0x44  FltToS32.o [4]
  .text               ro code  0x08017b60    0xe6  FltSub.o [4]
  .rodata             const    0x08017c46     0x2  os_dbg.o [1]
  .text               ro code  0x08017c48    0xfc  FltDiv.o [4]
  .text               ro code  0x08017d44    0x84  FltAdd.o [4]
  .text               ro code  0x08017dc8    0xd8  FltMul.o [4]
  .text               ro code  0x08017ea0    0x24  FltToU32.o [4]
  .text               ro code  0x08017ec4     0x8  atoi.o [3]
  .text               ro code  0x08017ecc   0x21c  bsp_time.o [1]
  .text               ro code  0x080180e8     0x8  abs.o [3]
  .text               ro code  0x080180f0   0x1d8  os_time.o [1]
  .text               ro code  0x080182c8   0x1fc  os_msg.o [1]
  .text               ro code  0x080184c4   0x1c0  os_cpu_c.o [1]
  .text               ro code  0x08018684    0x90  os_prio.o [1]
  .text               ro code  0x08018714    0xaa  os_mutex.o [1]
  .rodata             const    0x080187be     0x2  os_dbg.o [1]
  .text               ro code  0x080187c0   0x13c  cpu_c.o [1]
  .text               ro code  0x080188fc   0x196  stm32f10x_flash.o [1]
  .rodata             const    0x08018a92     0x2  os_dbg.o [1]
  .text               ro code  0x08018a94    0x94  hook.o [1]
  .text               ro code  0x08018b28   0x1dc  lib_mem.o [1]
  .text               ro code  0x08018d04    0x1c  os_mem.o [1]
  .text               ro code  0x08018d20   0x184  os_dbg.o [1]
  .text               ro code  0x08018ea4     0x2  os_cfg_app.o [1]
  .rodata             const    0x08018ea6     0x2  os_dbg.o [1]
  CODE                ro code  0x08018ea8    0x84  os_cpu_a.o [1]
  .text               ro code  0x08018f2c    0x2c  strstr.o [3]
  .text               ro code  0x08018f58    0x66  ABImemset.o [5]
  .rodata             const    0x08018fbe     0x1  os_cfg_app.o [1]
  .rodata             const    0x08018fbf     0x1  os_dbg.o [1]
  .text               ro code  0x08018fc0   0x14c  xstod.o [4]
  .text               ro code  0x0801910c   0x198  xstoul.o [3]
  .text               ro code  0x080192a4   0x29a  DS3231.o [1]
  .rodata             const    0x0801953e     0x1  os_dbg.o [1]
  .rodata             const    0x0801953f     0x1  os_dbg.o [1]
  .text               ro code  0x08019540   0x35a  bsp_max7219.o [1]
  .rodata             const    0x0801989a     0x1  os_dbg.o [1]
  .rodata             const    0x0801989b     0x1  os_dbg.o [1]
  .text               ro code  0x0801989c   0x1da  bsp_IIC_2.o [1]
  .rodata             const    0x08019a76     0x1  os_dbg.o [1]
  .rodata             const    0x08019a77     0x1  os_dbg.o [1]
  .text               ro code  0x08019a78   0x4fc  APP_task_osal_store.o [1]
  .text               ro code  0x08019f74   0x530  app_var.o [1]
  .text               ro code  0x0801a4a4    0x9c  os_app_hooks.o [1]
  .text               ro code  0x0801a540   0x10a  app_task_osal.o [1]
  .rodata             const    0x0801a64a     0x1  os_dbg.o [1]
  .rodata             const    0x0801a64b     0x1  os_dbg.o [1]
  .text               ro code  0x0801a64c   0x478  app_task_com.o [1]
  .text               ro code  0x0801aac4   0x150  osal_event.o [1]
  .text               ro code  0x0801ac14   0x124  xstopfx.o [3]
  .text               ro code  0x0801ad38   0x1b8  xstoflt.o [3]
  .text               ro code  0x0801aef0   0x200  xdtento.o [4]
  .text               ro code  0x0801b0f0   0x218  xstoxflt.o [3]
  .text               ro code  0x0801b308    0x28  isxxx.o [3]
  .text               ro code  0x0801b330    0x14  tolower.o [3]
  .text               ro code  0x0801b344     0xc  errno.o [3]
  .text               ro code  0x0801b350   0x1b8  bsp_IIC.o [1]
  .text               ro code  0x0801b508    0x3c  vsnprint.o [3]
  .text               ro code  0x0801b544    0x40  osal.o [1]
  .text               ro code  0x0801b584   0x4f2  MX25.o [1]
  .text               ro code  0x0801ba76   0x11c  bsp_FRAM.o [1]
  .rodata             const    0x0801bb92     0x1  os_dbg.o [1]
  .rodata             const    0x0801bb93     0x1  os_dbg.o [1]
  .text               ro code  0x0801bb94   0x234  osal_timer.o [1]
  .text               ro code  0x0801bdc8   0x17c  app.o [1]
  .text               ro code  0x0801bf44   0x3f0  app_mtr_com.o [1]
  .text               ro code  0x0801c334   0x4f0  app_dtu_rec.o [1]
  .text               ro code  0x0801c824   0x240  app_dtu_send.o [1]
  .text               ro code  0x0801ca64    0x20  DblCmpEq.o [4]
  .text               ro code  0x0801ca84    0x52  xdunscal.o [4]
  .text               ro code  0x0801cad6    0x16  xlocale_c.o [3]
  .text               ro code  0x0801caec    0x14  xlocale_c.o [3]
  .text               ro code  0x0801cb00     0xc  xlocale_c.o [3]
  .text               ro code  0x0801cb0c    0x76  stm32f10x_spi.o [1]
  .rodata             const    0x0801cb82     0x1  os_dbg.o [1]
  .rodata             const    0x0801cb83     0x1  os_dbg.o [1]
  .text               ro code  0x0801cb84    0x14  stm32f10x_nvic.o [1]
  .text               ro code  0x0801cb98    0x84  bsp_wdt.o [1]
  .text               ro code  0x0801cc1c   0x2c0  MBM_CORE.o [1]
  .text               ro code  0x0801cedc   0x338  app_task_osal_disp.o [1]
  .text               ro code  0x0801d214   0x3c4  IAP_program_mcu.o [1]
  .text               ro code  0x0801d5d8    0x44  strcpy_unaligned.o [5]
  .text               ro code  0x0801d61c    0x38  stm32f10x_iwdg.o [1]
  .text               ro code  0x0801d654    0x44  snprintf.o [3]
  .text               ro code  0x0801d698   0x29c  bsp_flash.o [1]
  .rodata             const    0x0801d934   0x200  CrcCheck.o [1]
  .text               ro code  0x0801db34    0x86  app_task_osal_led.o [1]
  .rodata             const    0x0801dbba     0x1  os_dbg.o [1]
  .rodata             const    0x0801dbbb     0x1  os_dbg.o [1]
  .rodata             const    0x0801dbbc    0x84  bsp_max7219.o [1]
  CODE                ro code  0x0801dc40    0x7a  cortexm3_macro.o [1]
  .text               ro code  0x0801dcba    0x40  zero_init3.o [5]
  .text               ro code  0x0801dcfa    0x38  packbits_init_single.o [5]
  .text               ro code  0x0801dd32    0x34  app_task_osal_tmr.o [1]
  .rodata             const    0x0801dd66     0x1  os_dbg.o [1]
  .rodata             const    0x0801dd67     0x1  os_dbg.o [1]
  .rodata             const    0x0801dd68    0x30  bsp_time.o [1]
  .rodata             const    0x0801dd98    0x30  bsp_time.o [1]
  .rodata             const    0x0801ddc8    0x30  os_dbg.o [1]
  .rodata             const    0x0801ddf8    0x30  os_dbg.o [1]
  .rodata             const    0x0801de28    0x30  os_dbg.o [1]
  .rodata             const    0x0801de58    0x28  os_dbg.o [1]
  .rodata             const    0x0801de80    0x28  os_dbg.o [1]
  .text               ro code  0x0801dea8    0x28  data_init.o [5]
  .iar.init_table     const    0x0801ded0    0x20  - Linker created -
  .rodata             const    0x0801def0    0x20  os_dbg.o [1]
  .rodata             const    0x0801df10    0x1c  bsp.o [1]
  .rodata             const    0x0801df2c    0x1c  bsp.o [1]
  .rodata             const    0x0801df48    0x1c  bsp.o [1]
  .rodata             const    0x0801df64    0x1c  bsp.o [1]
  .rodata             const    0x0801df80    0x1c  bsp.o [1]
  .text               ro code  0x0801df9c    0x1a  cmain.o [5]
  .text               ro code  0x0801dfb6     0x4  low_level_init.o [3]
  .text               ro code  0x0801dfba     0x4  exit.o [3]
  .rodata             const    0x0801dfbe     0x1  os_dbg.o [1]
  .rodata             const    0x0801dfbf     0x1  os_dbg.o [1]
  .text               ro code  0x0801dfc0     0xa  cexit.o [5]
  .rodata             const    0x0801dfca     0x1  os_dbg.o [1]
  .rodata             const    0x0801dfcb     0x1  os_dbg.o [1]
  .text               ro code  0x0801dfcc    0x14  exit.o [6]
  .rodata             const    0x0801dfe0    0x14  app_task_osal_disp.o [1]
  .rodata             const    0x0801dff4    0x14  MB_OS.o [1]
  .rodata             const    0x0801e008    0x14  MB_OS.o [1]
  .rodata             const    0x0801e01c    0x14  os_core.o [1]
  .rodata             const    0x0801e030    0x14  os_tick.o [1]
  .rodata             const    0x0801e044    0x10  app.o [1]
  .rodata             const    0x0801e054    0x10  app_dtu_rec.o [1]
  .rodata             const    0x0801e064    0x10  app_task_com.o [1]
  .rodata             const    0x0801e074    0x10  app_task_com.o [1]
  .rodata             const    0x0801e084    0x10  app_task_osal.o [1]
  .rodata             const    0x0801e094    0x10  app_task_osal_disp.o [1]
  .rodata             const    0x0801e0a4    0x10  APP_task_osal_store.o [1]
  .rodata             const    0x0801e0b4    0x10  MB_OS.o [1]
  .rodata             const    0x0801e0c4    0x10  stm32f10x_rcc.o [1]
  .rodata             const    0x0801e0d4     0xc  app_task_osal_disp.o [1]
  .rodata             const    0x0801e0e0     0xc  bsp_IIC.o [1]
  .rodata             const    0x0801e0ec     0xc  bsp_IIC_2.o [1]
  .rodata             const    0x0801e0f8     0xc  bsp_max7219.o [1]
  .rodata             const    0x0801e104     0xc  hook.o [1]
  .rodata             const    0x0801e110     0xc  IAP_program_mcu.o [1]
  .rodata             const    0x0801e11c     0xc  MX25.o [1]
  .rodata             const    0x0801e128     0xc  os_core.o [1]
  .text               ro code  0x0801e134     0xc  cstartup_M.o [5]
  .rodata             const    0x0801e140     0x8  app_dtu_rec.o [1]
  .rodata             const    0x0801e148     0x8  app_dtu_rec.o [1]
  .rodata             const    0x0801e150     0x8  app_dtu_rec.o [1]
  .rodata             const    0x0801e158     0x8  app_dtu_send.o [1]
  .rodata             const    0x0801e160     0x8  app_task_osal_disp.o [1]
  .rodata             const    0x0801e168     0x8  app_task_osal_disp.o [1]
  .rodata             const    0x0801e170     0x8  app_task_osal_disp.o [1]
  .rodata             const    0x0801e178     0x8  bsp_q560.o [1]
  .rodata             const    0x0801e180     0x8  bsp_q560.o [1]
  .rodata             const    0x0801e188     0x8  IAP_program_mcu.o [1]
  .rodata             const    0x0801e190     0x8  IAP_program_mcu.o [1]
  .rodata             const    0x0801e198     0x8  lib_mem.o [1]
  .rodata             const    0x0801e1a0     0x8  os_core.o [1]
  .rodata             const    0x0801e1a8     0x8  os_task.o [1]
  .rodata             const    0x0801e1b0     0x4  app_task_osal_disp.o [1]
  .rodata             const    0x0801e1b4     0x4  os_cfg_app.o [1]
  .rodata             const    0x0801e1b8     0x4  os_cfg_app.o [1]
  .rodata             const    0x0801e1bc     0x4  os_cfg_app.o [1]
  .rodata             const    0x0801e1c0     0x4  os_cfg_app.o [1]
  .rodata             const    0x0801e1c4     0x4  os_cfg_app.o [1]
  .rodata             const    0x0801e1c8     0x4  os_cfg_app.o [1]
  .rodata             const    0x0801e1cc     0x4  os_cfg_app.o [1]
  .rodata             const    0x0801e1d0     0x4  os_cfg_app.o [1]
  .rodata             const    0x0801e1d4     0x4  os_cfg_app.o [1]
  .rodata             const    0x0801e1d8     0x4  os_cfg_app.o [1]
  .rodata             const    0x0801e1dc     0x4  os_cfg_app.o [1]
  .rodata             const    0x0801e1e0     0x4  os_dbg.o [1]
  .rodata             const    0x0801e1e4     0x4  os_dbg.o [1]
  .rodata             const    0x0801e1e8     0x4  os_dbg.o [1]
  .rodata             const    0x0801e1ec     0x4  stm32f10x_rcc.o [1]
  .rodata             const    0x0801e1f0     0x1  os_dbg.o [1]
  .rodata             const    0x0801e1f1     0x1  os_dbg.o [1]
  .rodata             const    0x0801e1f2     0x1  os_dbg.o [1]
  .rodata             const    0x0801e1f3     0x1  os_dbg.o [1]
  .rodata             const    0x0801e1f4     0x1  os_dbg.o [1]
  .rodata             const    0x0801e1f5     0x1  os_dbg.o [1]
  .rodata             const    0x0801e1f6     0x1  os_dbg.o [1]
  .rodata             const    0x0801e1f7     0x1  os_dbg.o [1]
  .rodata             const    0x0801e1f8     0x1  os_dbg.o [1]
  .rodata             const    0x0801e1f9     0x1  os_dbg.o [1]
  .rodata             const    0x0801e1fa     0x1  os_dbg.o [1]
  .rodata             const    0x0801e1fb     0x1  os_dbg.o [1]
  .rodata             const    0x0801e1fc     0x1  os_dbg.o [1]
  .rodata             const    0x0801e1fd     0x1  os_dbg.o [1]
  .rodata             const    0x0801e1fe     0x1  os_dbg.o [1]
  .rodata             const    0x0801e1ff     0x0  zero_init3.o [5]
  .rodata             const    0x0801e1ff     0x0  packbits_init_single.o [5]
  Initializer bytes   const    0x0801e1ff    0x31  <for P3-1>
                             - 0x0801e230  0xe0e0

"P3", part 1 of 3:                          0x138
  P3-1                         0x20000000   0x138  <Init block>
    .data             inited   0x20000000     0x4  app_task_osal_disp.o [1]
    .data             inited   0x20000004     0x8  bsp_max7219.o [1]
    .data             inited   0x2000000c    0x2c  bsp_time.o [1]
    __DLIB_PERTHREAD  inited   0x20000038    0x88  localeconv.o [3]
    __DLIB_PERTHREAD  inited   0x200000c0     0x4  errno.o [3]
    __DLIB_PERTHREAD  inited   0x200000c4    0x74  setlocale.o [3]
                             - 0x20000138   0x138

"P3", part 2 of 3:                          0xc00
  CSTACK                       0x20000138   0x600  <Block>
    CSTACK            uninit   0x20000138   0x600  <Block tail>
  HEAP                         0x20000738   0x600  <Block>
    HEAP              uninit   0x20000738   0x600  <Block tail>
                             - 0x20000d38   0xc00

"P3", part 3 of 3:                         0xd6f8
  .bss                zero     0x20000d38  0x6c00  lib_mem.o [1]
  .bss                zero     0x20007938  0x21a0  MB.o [1]
  .bss                zero     0x20009ad8  0x12b4  app_var.o [1]
  .bss                zero     0x2000ad8c   0x800  app_task_com.o [1]
  .bss                zero     0x2000b58c   0x800  app_task_osal.o [1]
  .bss                zero     0x2000bd8c   0x800  bsp_flash.o [1]
  .bss                zero     0x2000c58c   0x800  MB_OS.o [1]
  .bss                zero     0x2000cd8c   0x300  os_var.o [1]
  .bss                zero     0x2000d08c   0x200  app.o [1]
  .bss                zero     0x2000d28c   0x200  os_cfg_app.o [1]
  .bss                zero     0x2000d48c   0x200  os_cfg_app.o [1]
  .bss                zero     0x2000d68c   0x190  os_cfg_app.o [1]
  .bss                zero     0x2000d81c   0x190  osal_timer.o [1]
  .bss                zero     0x2000d9ac   0x110  bsp_int.o [1]
  .bss                zero     0x2000dabc   0x100  os_cfg_app.o [1]
  .bss                zero     0x2000dbbc    0xf0  osal_event.o [1]
  .bss                zero     0x2000dcac    0xa0  app.o [1]
  .bss                zero     0x2000dd4c    0xa0  app_task_com.o [1]
  .bss                zero     0x2000ddec    0xa0  app_task_osal.o [1]
  .bss                zero     0x2000de8c    0xa0  MB.o [1]
  .bss                zero     0x2000df2c    0xa0  MB.o [1]
  .bss                zero     0x2000dfcc    0xa0  MB_OS.o [1]
  .bss                zero     0x2000e06c    0xa0  os_var.o [1]
  .bss                zero     0x2000e10c    0xa0  os_var.o [1]
  .bss                zero     0x2000e1ac    0x30  MB_OS.o [1]
  .bss                zero     0x2000e1dc    0x2c  bsp_max7219.o [1]
  .bss                zero     0x2000e208    0x28  APP_task_osal_store.o [1]
  .bss                zero     0x2000e230    0x28  bsp_IIC.o [1]
  .bss                zero     0x2000e258    0x28  bsp_IIC_2.o [1]
  .bss                zero     0x2000e280    0x28  bsp_max7219.o [1]
  .bss                zero     0x2000e2a8    0x28  MX25.o [1]
  .bss                zero     0x2000e2d0    0x24  IAP_program_mcu.o [1]
  .bss                zero     0x2000e2f4    0x14  lib_mem.o [1]
  .bss                zero     0x2000e308    0x14  MB_BSP.o [1]
  .bss                zero     0x2000e31c    0x10  cpu_core.o [1]
  .bss                zero     0x2000e32c     0xc  os_var.o [1]
  .bss                zero     0x2000e338     0x8  os_prio.o [1]
  .bss                zero     0x2000e340     0x8  os_var.o [1]
  .bss                zero     0x2000e348     0x8  os_var.o [1]
  .bss                zero     0x2000e350     0x8  xxmemxmalloc.o [3]
  .bss                zero     0x2000e358     0x4  app_task_osal.o [1]
  .bss                zero     0x2000e35c     0x4  app_var.o [1]
  .bss                zero     0x2000e360     0x4  app_var.o [1]
  .bss                zero     0x2000e364     0x4  app_var.o [1]
  .bss                zero     0x2000e368     0x4  bsp.o [1]
  .bss                zero     0x2000e36c     0x4  bsp_time.o [1]
  .bss                zero     0x2000e370     0x4  cpu_core.o [1]
  .bss                zero     0x2000e374     0x4  cpu_core.o [1]
  .bss                zero     0x2000e378     0x4  cpu_core.o [1]
  .bss                zero     0x2000e37c     0x4  cpu_core.o [1]
  .bss                zero     0x2000e380     0x4  cpu_core.o [1]
  .bss                zero     0x2000e384     0x4  cpu_core.o [1]
  .bss                zero     0x2000e388     0x4  IAP_program_mcu.o [1]
  .bss                zero     0x2000e38c     0x4  IAP_program_mcu.o [1]
  .bss                zero     0x2000e390     0x4  lib_mem.o [1]
  .bss                zero     0x2000e394     0x4  MB.o [1]
  .bss                zero     0x2000e398     0x4  MB_BSP.o [1]
  .bss                zero     0x2000e39c     0x4  os_cpu_c.o [1]
  .bss                zero     0x2000e3a0     0x4  os_var.o [1]
  .bss                zero     0x2000e3a4     0x4  os_var.o [1]
  .bss                zero     0x2000e3a8     0x4  os_var.o [1]
  .bss                zero     0x2000e3ac     0x4  os_var.o [1]
  .bss                zero     0x2000e3b0     0x4  os_var.o [1]
  .bss                zero     0x2000e3b4     0x4  os_var.o [1]
  .bss                zero     0x2000e3b8     0x4  os_var.o [1]
  .bss                zero     0x2000e3bc     0x4  os_var.o [1]
  .bss                zero     0x2000e3c0     0x4  os_var.o [1]
  .bss                zero     0x2000e3c4     0x4  os_var.o [1]
  .bss                zero     0x2000e3c8     0x4  os_var.o [1]
  .bss                zero     0x2000e3cc     0x4  os_var.o [1]
  .bss                zero     0x2000e3d0     0x4  os_var.o [1]
  .bss                zero     0x2000e3d4     0x4  os_var.o [1]
  .bss                zero     0x2000e3d8     0x4  os_var.o [1]
  .bss                zero     0x2000e3dc     0x4  os_var.o [1]
  .bss                zero     0x2000e3e0     0x4  os_var.o [1]
  .bss                zero     0x2000e3e4     0x4  os_var.o [1]
  .bss                zero     0x2000e3e8     0x4  os_var.o [1]
  .bss                zero     0x2000e3ec     0x4  osal_event.o [1]
  .bss                zero     0x2000e3f0     0x4  osal_event.o [1]
  .bss                zero     0x2000e3f4     0x4  osal_event.o [1]
  .bss                zero     0x2000e3f8     0x4  osal_timer.o [1]
  .bss                zero     0x2000e3fc     0x4  osal_timer.o [1]
  .bss                zero     0x2000e400     0x4  xgetmemchunk.o [3]
  .bss                zero     0x2000e404     0x2  app_task_com.o [1]
  .bss                zero     0x2000e406     0x2  cpu_core.o [1]
  .bss                zero     0x2000e408     0x2  cpu_core.o [1]
  .bss                zero     0x2000e40a     0x2  MB.o [1]
  .bss                zero     0x2000e40c     0x2  os_var.o [1]
  .bss                zero     0x2000e40e     0x2  os_var.o [1]
  .bss                zero     0x2000e410     0x2  os_var.o [1]
  .bss                zero     0x2000e412     0x2  os_var.o [1]
  .bss                zero     0x2000e414     0x2  os_var.o [1]
  .bss                zero     0x2000e416     0x2  os_var.o [1]
  .bss                zero     0x2000e418     0x1  app_task_com.o [1]
  .bss                zero     0x2000e419     0x1  app_task_com.o [1]
  .bss                zero     0x2000e41a     0x1  app_task_com.o [1]
  .bss                zero     0x2000e41b     0x1  app_task_com.o [1]
  .bss                zero     0x2000e41c     0x1  app_task_osal_disp.o [1]
  .bss                zero     0x2000e41d     0x1  app_task_osal_disp.o [1]
  .bss                zero     0x2000e41e     0x1  app_task_osal_led.o [1]
  .bss                zero     0x2000e41f     0x1  APP_task_osal_store.o [1]
  .bss                zero     0x2000e420     0x1  bsp_max7219.o [1]
  .bss                zero     0x2000e421     0x1  bsp_max7219.o [1]
  .bss                zero     0x2000e422     0x1  bsp_max7219.o [1]
  .bss                zero     0x2000e423     0x1  bsp_wdt.o [1]
  .bss                zero     0x2000e424     0x1  MB.o [1]
  .bss                zero     0x2000e425     0x1  os_var.o [1]
  .bss                zero     0x2000e426     0x1  os_var.o [1]
  .bss                zero     0x2000e427     0x1  os_var.o [1]
  .bss                zero     0x2000e428     0x1  os_var.o [1]
  .bss                zero     0x2000e429     0x1  os_var.o [1]
  .bss                zero     0x2000e42a     0x1  os_var.o [1]
  .bss                zero     0x2000e42b     0x1  os_var.o [1]
  .bss                zero     0x2000e42c     0x1  osal_timer.o [1]
                             - 0x2000e42d  0xd6f5


*******************************************************************************
*** INIT TABLE
***

          Address     Size
          -------     ----
Zero (__iar_zero_init3)
    1 destination range, total size 0xd6f5:
          0x20000d38  0xd6f5

Copy/packbits (__iar_packbits_init_single3)
    1 source range, total size 0x31 (15% of destination):
          0x0801e1ff    0x31
    1 destination range, total size 0x138:
          0x20000000   0x138



*******************************************************************************
*** MODULE SUMMARY
***

    Module                  ro code  ro data  rw data
    ------                  -------  -------  -------
F:\iar\NC210\NC210-200处理板\project\app_release\Obj: [1]
    APP_task_osal_store.o     1 276       16       41
    CrcCheck.o                   96      512
    DS3231.o                    666
    IAP_program_mcu.o           964       28       44
    MB.o                        836             8 935
    MBM_CORE.o                  704
    MBS_CORE.o                2 690
    MB_BSP.o                  1 548                24
    MB_DATA.o                   238
    MB_OS.o                     480       56    2 256
    MB_UTIL.o                   146
    MX25.o                    1 266       12       40
    app.o                       380       16      672
    app_ModbusInit.o          1 208
    app_dtu_rec.o             1 264       40
    app_dtu_send.o              576        8
    app_mtr_com.o             1 008
    app_task_com.o            1 144       32    2 214
    app_task_osal.o             266       16    2 212
    app_task_osal_disp.o        824       76        6
    app_task_osal_led.o         134                 1
    app_task_osal_tmr.o          52
    app_var.o                 1 328             4 800
    bsp.o                     1 524      140        4
    bsp_FRAM.o                  284
    bsp_IIC.o                   440       12       40
    bsp_IIC_2.o                 474       12       40
    bsp_flash.o                 668             2 048
    bsp_int.o                   762               272
    bsp_max7219.o               858      145       95
    bsp_os.o                    178
    bsp_q560.o                1 096       16
    bsp_time.o                  540      103       48
    bsp_wdt.o                   132                 1
    cortexm3_macro.o            122
    cpu_a.o                      52
    cpu_c.o                     316
    cpu_core.o                  412                44
    csnr_package_deal.o         680
    cstartup.o                   26      336
    hook.o                      148       12
    lib_mem.o                   476        8   27 672
    os_app_hooks.o              156
    os_cfg_app.o                  2       47    1 680
    os_core.o                 2 000       40
    os_cpu_a.o                  132
    os_cpu_c.o                  448                 4
    os_dbg.o                    388      342
    os_flag.o                 1 796
    os_mem.o                     28
    os_msg.o                    508
    os_mutex.o                  170
    os_prio.o                   144                 8
    os_q.o                      928
    os_sem.o                    804
    os_task.o                 2 100        8
    os_tick.o                 1 156       20
    os_time.o                   472
    os_var.o                                    1 211
    osal.o                       64
    osal_event.o                336               252
    osal_timer.o                564               409
    stm32f10x_flash.o           406
    stm32f10x_gpio.o            248
    stm32f10x_iwdg.o             56
    stm32f10x_nvic.o             20
    stm32f10x_rcc.o           1 048       20
    stm32f10x_spi.o             118
    stm32f10x_tim.o             396
    stm32f10x_usart.o           464
    -------------------------------------------------
    Total:                   43 234    2 073   55 073

command line: [2]
    -------------------------------------------------
    Total:

dl7M_tlf.a: [3]
    abs.o                         8
    atoi.o                        8
    div.o                        14
    errno.o                      12                 4
    exit.o                        4
    isxxx.o                      40
    localeconv.o                108       22      136
    low_level_init.o              4
    setlocale.o                  36       19      116
    snprintf.o                   68
    strstr.o                     44
    tolower.o                    20
    vsnprint.o                   60
    xencoding_sb.o               96
    xgetmemchunk.o               44                 4
    xlocale_c.o                  54
    xmbcurmax.o                  10
    xmbtowc.o                    32
    xprintffull.o             4 434
    xsnprout.o                   26
    xstoflt.o                   440
    xstopfx.o                   292
    xstoul.o                    408
    xstoxflt.o                  536
    xtls.o                        2
    xwctomb.o                    26
    xxmemxfree.o                128
    xxmemxmalloc.o              176                 8
    -------------------------------------------------
    Total:                    7 130       41      268

m7M_tl.a: [4]
    DblAdd.o                    232
    DblCmpEq.o                   32
    DblCmpGe.o                   46
    DblCmpLe.o                   46
    DblDiv.o                    598
    DblMul.o                    418
    DblSub.o                    384
    DblToFlt.o                  144
    DblToI32.o                   88
    FltAdd.o                    132
    FltDiv.o                    252
    FltMul.o                    216
    FltSub.o                    230
    FltToDbl.o                   78
    FltToS32.o                   68
    FltToU32.o                   36
    I32ToDbl.o                   48
    I32ToFlt.o                   50
    atof.o                        8
    xdnorm.o                     66
    xdscale.o                   268
    xdtento.o                   512
    xdunscal.o                   82
    xstod.o                     332
    -------------------------------------------------
    Total:                    4 366

rt7M_tl.a: [5]
    ABImemcpy_unaligned.o       118
    ABImemset.o                 102
    I64DivMod.o                 238
    I64DivZer.o                   2
    cexit.o                      10
    cmain.o                      26
    cstartup_M.o                 12
    data_init.o                  40
    memchr.o                     88
    packbits_init_single.o       56
    strchr.o                     22
    strcpy_unaligned.o           68
    strlen.o                     54
    strncpy_unaligned.o         108
    zero_init3.o                 64
    -------------------------------------------------
    Total:                    1 008

shb_l.a: [6]
    exit.o                       20
    -------------------------------------------------
    Total:                       20

    Linker created                        32    3 072
-----------------------------------------------------
    Grand Total:             55 758    2 146   58 413


*******************************************************************************
*** ENTRY LIST
***

Entry                      Address    Size  Type      Object
-----                      -------    ----  ----      ------
.iar.init_table$$Base   0x0801ded0           --   Gb  - Linker created -
.iar.init_table$$Limit  0x0801def0           --   Gb  - Linker created -
?main                   0x0801df9d          Code  Gb  cmain.o [5]
ADCPrescTable           0x0801e1ec     0x4  Data  Lc  stm32f10x_rcc.o [1]
APBAHBPrescTable        0x0801e0c4    0x10  Data  Lc  stm32f10x_rcc.o [1]
APP_CommInit            0x0801aa6b    0x1c  Code  Gb  app_task_com.o [1]
APP_OsalInit            0x0801a649     0x2  Code  Lc  app_task_osal.o [1]
APP_SD_CRC16_TAB        0x0801d934   0x200  Data  Gb  CrcCheck.o [1]
AppObjCreate            0x0801bf0b     0x2  Code  Lc  app.o [1]
AppTaskComm             0x0801a935   0x136  Code  Lc  app_task_com.o [1]
AppTaskCommStk          0x2000ad8c   0x800  Data  Lc  app_task_com.o [1]
AppTaskCommTCB          0x2000dd4c    0xa0  Data  Lc  app_task_com.o [1]
AppTaskCreate           0x0801bf03     0x8  Code  Lc  app.o [1]
AppTaskOsal             0x0801a639    0x10  Code  Lc  app_task_osal.o [1]
AppTaskOsalStk          0x2000b58c   0x800  Data  Lc  app_task_osal.o [1]
AppTaskOsalTCB          0x2000ddec    0xa0  Data  Lc  app_task_osal.o [1]
AppTaskStart            0x0801be21    0xe2  Code  Lc  app.o [1]
AppTaskStartStk         0x2000d08c   0x200  Data  Lc  app.o [1]
AppTaskStartTCB         0x2000dcac    0xa0  Data  Lc  app.o [1]
App_BusFault_ISR        0x080112d3     0x2  Code  Lc  cstartup.o [1]
App_CommIdle            0x0801a64d   0x2aa  Code  Gb  app_task_com.o [1]
App_DispDelay           0x0801d17d     0xe  Code  Gb  app_task_osal_disp.o [1]
App_Fault_ISR           0x080112c5     0xe  Code  Lc  cstartup.o [1]
App_FramPara            0x08019ce7   0x1a6  Code  Gb  APP_task_osal_store.o [1]
App_MemFault_ISR        0x080112d7     0x2  Code  Lc  cstartup.o [1]
App_ModbusInit          0x08012edd   0x1f4  Code  Gb  app_ModbusInit.o [1]
App_NMI_ISR             0x080112c3     0x2  Code  Lc  cstartup.o [1]
App_OS_IdleTaskHook     0x0801a52d     0x2  Code  Gb  os_app_hooks.o [1]
App_OS_SetAllHooks      0x0801a4a5    0x52  Code  Gb  os_app_hooks.o [1]
App_OS_StatTaskHook     0x0801a531     0x2  Code  Gb  os_app_hooks.o [1]
App_OS_TaskCreateHook   0x0801a515     0x8  Code  Gb  os_app_hooks.o [1]
App_OS_TaskDelHook      0x0801a51d     0x8  Code  Gb  os_app_hooks.o [1]
App_OS_TaskReturnHook   0x0801a525     0x8  Code  Gb  os_app_hooks.o [1]
App_OS_TaskSwHook       0x0801a535     0x2  Code  Gb  os_app_hooks.o [1]
App_OS_TimeTickHook     0x0801a539     0x8  Code  Gb  os_app_hooks.o [1]
App_Reserved_ISR        0x080112db     0x2  Code  Lc  cstartup.o [1]
App_SaveRecord          0x08019b9f   0x102  Code  Gb  APP_task_osal_store.o [1]
App_Spurious_ISR        0x080112d9     0x2  Code  Lc  cstartup.o [1]
App_TaskCommCreate      0x0801a8f7    0x3c  Code  Gb  app_task_com.o [1]
App_TaskOsalCreate      0x0801a541    0x3c  Code  Gb  app_task_osal.o [1]
App_UsageFault_ISR      0x080112d5     0x2  Code  Lc  cstartup.o [1]
BSP_CPU_ClkFreq         0x08016671    0x10  Code  Gb  bsp.o [1]
BSP_CPU_ClkFreq_MHz     0x2000e368     0x4  Data  Gb  bsp.o [1]
BSP_Disp                0x080196ef    0x32  Code  Gb  bsp_max7219.o [1]
BSP_DispClrAll          0x080197ad    0x32  Code  Gb  bsp_max7219.o [1]
BSP_DispEvtProcess      0x08019741    0x6c  Code  Gb  bsp_max7219.o [1]
BSP_DispInit            0x0801980d    0x3e  Code  Gb  bsp_max7219.o [1]
BSP_DispOff             0x08019721    0x20  Code  Gb  bsp_max7219.o [1]
BSP_DispSetBrightness   0x080197df    0x2e  Code  Gb  bsp_max7219.o [1]
BSP_Ds3231Init          0x08019423    0x18  Code  Gb  DS3231.o [1]
BSP_FLASH_ReadPage      0x0801d699    0x2c  Code  Gb  bsp_flash.o [1]
BSP_FLASH_WritePage     0x0801d6c5    0x62  Code  Gb  bsp_flash.o [1]
BSP_FlashOsInit         0x08019a79    0x14  Code  Gb  APP_task_osal_store.o [1]
BSP_FlashReadBytes      0x0801d909    0x2c  Code  Gb  bsp_flash.o [1]
BSP_FlashSendEvent      0x08019a9b     0xc  Code  Lc  APP_task_osal_store.o [1]
BSP_FlashWaitEvent      0x08019a8d     0xe  Code  Lc  APP_task_osal_store.o [1]
BSP_FlashWriteBytes     0x0801d727   0x15a  Code  Gb  bsp_flash.o [1]
BSP_FlashWriteBytes_Fast
                        0x0801d881    0x7e  Code  Gb  bsp_flash.o [1]
BSP_FramOsInit          0x080198b3     0xe  Code  Gb  bsp_IIC_2.o [1]
BSP_GetTime             0x080194cd    0x72  Code  Gb  DS3231.o [1]
BSP_Init                0x08016583    0xee  Code  Gb  bsp.o [1]
BSP_Init_Hook           0x08018a95    0x14  Code  Gb  hook.o [1]
BSP_IntDisAll           0x08016111     0x8  Code  Gb  bsp_int.o [1]
BSP_IntEn               0x08016119    0x10  Code  Gb  bsp_int.o [1]
BSP_IntHandler          0x080163cb    0x36  Code  Lc  bsp_int.o [1]
BSP_IntHandlerADC1_2    0x0801621d     0xa  Code  Gb  bsp_int.o [1]
BSP_IntHandlerCAN1_RX0  0x08016231     0xa  Code  Gb  bsp_int.o [1]
BSP_IntHandlerCAN1_RX1  0x0801623b     0xa  Code  Gb  bsp_int.o [1]
BSP_IntHandlerCAN1_SCE  0x08016245     0xa  Code  Gb  bsp_int.o [1]
BSP_IntHandlerCAN1_TX   0x08016227     0xa  Code  Gb  bsp_int.o [1]
BSP_IntHandlerCAN2_RX0  0x080163a3     0xa  Code  Gb  bsp_int.o [1]
BSP_IntHandlerCAN2_RX1  0x080163ad     0xa  Code  Gb  bsp_int.o [1]
BSP_IntHandlerCAN2_SCE  0x080163b7     0xa  Code  Gb  bsp_int.o [1]
BSP_IntHandlerCAN2_TX   0x08016399     0xa  Code  Gb  bsp_int.o [1]
BSP_IntHandlerDMA1_CH1  0x080161d7     0xa  Code  Gb  bsp_int.o [1]
BSP_IntHandlerDMA1_CH2  0x080161e1     0xa  Code  Gb  bsp_int.o [1]
BSP_IntHandlerDMA1_CH3  0x080161eb     0xa  Code  Gb  bsp_int.o [1]
BSP_IntHandlerDMA1_CH4  0x080161f5     0xa  Code  Gb  bsp_int.o [1]
BSP_IntHandlerDMA1_CH5  0x080161ff     0xa  Code  Gb  bsp_int.o [1]
BSP_IntHandlerDMA1_CH6  0x08016209     0xa  Code  Gb  bsp_int.o [1]
BSP_IntHandlerDMA1_CH7  0x08016213     0xa  Code  Gb  bsp_int.o [1]
BSP_IntHandlerDMA2_CH1  0x08016353     0xa  Code  Gb  bsp_int.o [1]
BSP_IntHandlerDMA2_CH2  0x0801635d     0xa  Code  Gb  bsp_int.o [1]
BSP_IntHandlerDMA2_CH3  0x08016367     0xa  Code  Gb  bsp_int.o [1]
BSP_IntHandlerDMA2_CH4  0x08016371     0xa  Code  Gb  bsp_int.o [1]
BSP_IntHandlerDMA2_CH5  0x0801637b     0xa  Code  Gb  bsp_int.o [1]
BSP_IntHandlerDummy     0x08016409     0x2  Code  Lc  bsp_int.o [1]
BSP_IntHandlerETH       0x08016385     0xa  Code  Gb  bsp_int.o [1]
BSP_IntHandlerETHWakeup
                        0x0801638f     0xa  Code  Gb  bsp_int.o [1]
BSP_IntHandlerEXTI0     0x080161a5     0xa  Code  Gb  bsp_int.o [1]
BSP_IntHandlerEXTI1     0x080161af     0xa  Code  Gb  bsp_int.o [1]
BSP_IntHandlerEXTI15_10
                        0x080162f9     0xa  Code  Gb  bsp_int.o [1]
BSP_IntHandlerEXTI2     0x080161b9     0xa  Code  Gb  bsp_int.o [1]
BSP_IntHandlerEXTI3     0x080161c3     0xa  Code  Gb  bsp_int.o [1]
BSP_IntHandlerEXTI4     0x080161cd     0xa  Code  Gb  bsp_int.o [1]
BSP_IntHandlerEXTI9_5   0x0801624f     0xa  Code  Gb  bsp_int.o [1]
BSP_IntHandlerFLASH     0x08016191     0xa  Code  Gb  bsp_int.o [1]
BSP_IntHandlerI2C1_ER   0x080162a9     0xa  Code  Gb  bsp_int.o [1]
BSP_IntHandlerI2C1_EV   0x0801629f     0xa  Code  Gb  bsp_int.o [1]
BSP_IntHandlerI2C2_ER   0x080162bd     0xa  Code  Gb  bsp_int.o [1]
BSP_IntHandlerI2C2_EV   0x080162b3     0xa  Code  Gb  bsp_int.o [1]
BSP_IntHandlerOTG       0x080163c1     0xa  Code  Gb  bsp_int.o [1]
BSP_IntHandlerPVD       0x08016173     0xa  Code  Gb  bsp_int.o [1]
BSP_IntHandlerRCC       0x0801619b     0xa  Code  Gb  bsp_int.o [1]
BSP_IntHandlerRTC       0x08016187     0xa  Code  Gb  bsp_int.o [1]
BSP_IntHandlerRTCAlarm  0x08016303     0xa  Code  Gb  bsp_int.o [1]
BSP_IntHandlerSPI1      0x080162c7     0xa  Code  Gb  bsp_int.o [1]
BSP_IntHandlerSPI2      0x080162d1     0xa  Code  Gb  bsp_int.o [1]
BSP_IntHandlerSPI3      0x08016321     0xa  Code  Gb  bsp_int.o [1]
BSP_IntHandlerTAMPER    0x0801617d     0xa  Code  Gb  bsp_int.o [1]
BSP_IntHandlerTIM1_BRK  0x08016259     0xa  Code  Gb  bsp_int.o [1]
BSP_IntHandlerTIM1_CC   0x08016277     0xa  Code  Gb  bsp_int.o [1]
BSP_IntHandlerTIM1_TRG_COM
                        0x0801626d     0xa  Code  Gb  bsp_int.o [1]
BSP_IntHandlerTIM1_UP   0x08016263     0xa  Code  Gb  bsp_int.o [1]
BSP_IntHandlerTIM2      0x08016281     0xa  Code  Gb  bsp_int.o [1]
BSP_IntHandlerTIM3      0x0801628b     0xa  Code  Gb  bsp_int.o [1]
BSP_IntHandlerTIM4      0x08016295     0xa  Code  Gb  bsp_int.o [1]
BSP_IntHandlerTIM5      0x08016317     0xa  Code  Gb  bsp_int.o [1]
BSP_IntHandlerTIM6      0x0801633f     0xa  Code  Gb  bsp_int.o [1]
BSP_IntHandlerTIM7      0x08016349     0xa  Code  Gb  bsp_int.o [1]
BSP_IntHandlerUSART1    0x080162db     0xa  Code  Gb  bsp_int.o [1]
BSP_IntHandlerUSART2    0x080162e5     0xa  Code  Gb  bsp_int.o [1]
BSP_IntHandlerUSART3    0x080162ef     0xa  Code  Gb  bsp_int.o [1]
BSP_IntHandlerUSART4    0x0801632b     0xa  Code  Gb  bsp_int.o [1]
BSP_IntHandlerUSART5    0x08016335     0xa  Code  Gb  bsp_int.o [1]
BSP_IntHandlerUSBWakeUp
                        0x0801630d     0xa  Code  Gb  bsp_int.o [1]
BSP_IntHandlerWWDG      0x08016169     0xa  Code  Gb  bsp_int.o [1]
BSP_IntInit             0x08016151    0x18  Code  Gb  bsp_int.o [1]
BSP_IntVectSet          0x08016129    0x28  Code  Gb  bsp_int.o [1]
BSP_IntVectTbl          0x2000d9ac   0x110  Data  Lc  bsp_int.o [1]
BSP_LED_Flash           0x08016937    0x4e  Code  Gb  bsp.o [1]
BSP_LED_Init            0x08016681    0x54  Code  Lc  bsp.o [1]
BSP_LED_Off             0x080167ab    0xd6  Code  Gb  bsp.o [1]
BSP_LED_On              0x080166d5    0xd6  Code  Gb  bsp.o [1]
BSP_LED_Toggle          0x08016881    0xb6  Code  Gb  bsp.o [1]
BSP_MAX7219Init         0x0801958f    0x1e  Code  Gb  bsp_max7219.o [1]
BSP_OS_SemCreate        0x08014a01    0x20  Code  Gb  bsp_os.o [1]
BSP_OS_SemPost          0x08014a55    0x1a  Code  Gb  bsp_os.o [1]
BSP_OS_SemWait          0x08014a21    0x2e  Code  Gb  bsp_os.o [1]
BSP_OS_TimeDlyMs        0x08014a6f    0x44  Code  Gb  bsp_os.o [1]
BSP_RTCOsInit           0x0801b367     0xe  Code  Gb  bsp_IIC.o [1]
BSP_RTC_ReadTemp        0x08019391    0x18  Code  Gb  DS3231.o [1]
BSP_RTC_WriteTime       0x080193a9    0x7a  Code  Gb  DS3231.o [1]
BSP_SetTime             0x0801943b    0x92  Code  Gb  DS3231.o [1]
BSP_StatusInit          0x08016985    0x1e  Code  Lc  bsp.o [1]
BSP_StoreInit           0x08019cdf     0x8  Code  Gb  APP_task_osal_store.o [1]
BSP_WDT_Init            0x0801cbb9    0x5c  Code  Gb  bsp_wdt.o [1]
BSP_WDT_Rst             0x0801cb99    0x20  Code  Gb  bsp_wdt.o [1]
BSP_WdtMode             0x2000e423     0x1  Data  Gb  bsp_wdt.o [1]
Bcd2Hex                 0x080192bb    0x16  Code  Gb  DS3231.o [1]
Bsp_DispSem             0x2000e280    0x28  Data  Lc  bsp_max7219.o [1]
Bsp_EepSem              0x2000e2a8    0x28  Data  Lc  MX25.o [1]
Bsp_FlashSem            0x2000e208    0x28  Data  Lc  APP_task_osal_store.o [1]
Bsp_FramSem             0x2000e258    0x28  Data  Lc  bsp_IIC_2.o [1]
Bsp_RtcSem              0x2000e230    0x28  Data  Lc  bsp_IIC.o [1]
CPU_CntLeadZeros        0x08016c0b          Code  Gb  cpu_a.o [1]
CPU_CntTrailZeros       0x08016c11          Code  Gb  cpu_a.o [1]
CPU_Init                0x08016c21    0x10  Code  Gb  cpu_core.o [1]
CPU_IntDis              0x08016bed          Code  Gb  cpu_a.o [1]
CPU_IntDisMeasCtr       0x2000e406     0x2  Data  Gb  cpu_core.o [1]
CPU_IntDisMeasInit      0x08016d0f    0x74  Code  Lc  cpu_core.o [1]
CPU_IntDisMeasMaxCalc   0x08016d83    0x14  Code  Lc  cpu_core.o [1]
CPU_IntDisMeasMaxCurGet
                        0x08016c79    0x18  Code  Gb  cpu_core.o [1]
CPU_IntDisMeasMaxCurReset
                        0x08016c5d    0x1c  Code  Gb  cpu_core.o [1]
CPU_IntDisMeasMaxCur_cnts
                        0x2000e380     0x4  Data  Gb  cpu_core.o [1]
CPU_IntDisMeasMax_cnts  0x2000e384     0x4  Data  Gb  cpu_core.o [1]
CPU_IntDisMeasOvrhd_cnts
                        0x2000e37c     0x4  Data  Gb  cpu_core.o [1]
CPU_IntDisMeasStart     0x08016c91    0x28  Code  Gb  cpu_core.o [1]
CPU_IntDisMeasStart_cnts
                        0x2000e374     0x4  Data  Gb  cpu_core.o [1]
CPU_IntDisMeasStop      0x08016cb9    0x40  Code  Gb  cpu_core.o [1]
CPU_IntDisMeasStop_cnts
                        0x2000e378     0x4  Data  Gb  cpu_core.o [1]
CPU_IntDisNestCtr       0x2000e408     0x2  Data  Gb  cpu_core.o [1]
CPU_IntEn               0x08016bf1          Code  Gb  cpu_a.o [1]
CPU_IntSrcEn            0x080187c1   0x12c  Code  Gb  cpu_c.o [1]
CPU_Name                0x2000e31c    0x10  Data  Gb  cpu_core.o [1]
CPU_NameClr             0x08016c33    0x24  Code  Gb  cpu_core.o [1]
CPU_NameInit            0x08016cf9     0x8  Code  Lc  cpu_core.o [1]
CPU_RevBits             0x08016c1b          Code  Gb  cpu_a.o [1]
CPU_SR_Restore          0x08016bfd          Code  Gb  cpu_a.o [1]
CPU_SR_Save             0x08016bf5          Code  Gb  cpu_a.o [1]
CPU_SW_Exception        0x08016c31     0x2  Code  Gb  cpu_core.o [1]
CPU_TS_Init             0x08016d01     0xe  Code  Lc  cpu_core.o [1]
CPU_TS_TmrFreqSet       0x08016c57     0x6  Code  Gb  cpu_core.o [1]
CPU_TS_TmrFreq_Hz       0x2000e370     0x4  Data  Gb  cpu_core.o [1]
CPU_TS_TmrInit          0x080169a3    0x2a  Code  Gb  bsp.o [1]
CPU_TS_TmrRd            0x080169cd     0x6  Code  Gb  bsp.o [1]
CPU_WaitForExcept       0x08016c07          Code  Gb  cpu_a.o [1]
CPU_WaitForInt          0x08016c03          Code  Gb  cpu_a.o [1]
CSTACK$$Base            0x20000138           --   Gb  - Linker created -
CSTACK$$Limit           0x20000738           --   Gb  - Linker created -
CheckSlaveAckI2C        0x0801b46d    0x2e  Code  Gb  bsp_IIC.o [1]
CheckSlaveAckI2C_2      0x080199db    0x2e  Code  Gb  bsp_IIC_2.o [1]
Ctrl                    0x20009ad8  0x12b4  Data  Gb  app_var.o [1]
DataPackage_CSNC        0x08013c15   0x118  Code  Gb  csnr_package_deal.o [1]
DataUnpack_CSNC         0x08013d2d   0x190  Code  Gb  csnr_package_deal.o [1]
Delay_Nus               0x080192a5    0x16  Code  Gb  DS3231.o [1]
DtuCom                  0x2000e35c     0x4  Data  Gb  app_var.o [1]
EEP_SendEvent           0x0801b593     0xc  Code  Lc  MX25.o [1]
EEP_WaitEvent           0x0801b585     0xe  Code  Lc  MX25.o [1]
FLASH_ErasePage         0x08018965    0x5e  Code  Gb  stm32f10x_flash.o [1]
FLASH_GetStatus         0x08018a03    0x2c  Code  Gb  stm32f10x_flash.o [1]
FLASH_Lock              0x08018953    0x12  Code  Gb  stm32f10x_flash.o [1]
FLASH_PrefetchBufferCmd
                        0x0801891d    0x20  Code  Gb  stm32f10x_flash.o [1]
FLASH_ProgramHalfWord   0x080189c3    0x40  Code  Gb  stm32f10x_flash.o [1]
FLASH_SetLatency        0x080188fd    0x20  Code  Gb  stm32f10x_flash.o [1]
FLASH_Unlock            0x0801893d    0x16  Code  Gb  stm32f10x_flash.o [1]
FLASH_WaitForLastOperation
                        0x08018a4d    0x2a  Code  Gb  stm32f10x_flash.o [1]
FRAM_SendEvent          0x080198a9     0xa  Code  Gb  bsp_IIC_2.o [1]
FRAM_WaitEvent          0x0801989d     0xc  Code  Gb  bsp_IIC_2.o [1]
FlashBuf                0x2000bd8c   0x800  Data  Gb  bsp_flash.o [1]
FmtRecord               0x08019abb    0xe4  Code  Lc  APP_task_osal_store.o [1]
GPIO_Config             0x0801640d    0x76  Code  Gb  bsp.o [1]
GPIO_Fram_Init          0x080198d7    0x28  Code  Gb  bsp_IIC_2.o [1]
GPIO_Init               0x08015e49    0xc0  Code  Gb  stm32f10x_gpio.o [1]
GPIO_RTC_Init           0x0801b38b    0x28  Code  Gb  bsp_IIC.o [1]
GPIO_Read               0x080164e5    0x44  Code  Gb  bsp.o [1]
GPIO_ReadInputDataBit   0x08015f09    0x16  Code  Gb  stm32f10x_gpio.o [1]
GPIO_ReadOutputDataBit  0x08015f1f    0x16  Code  Gb  stm32f10x_gpio.o [1]
GPIO_ResetBits          0x08015f3b     0x6  Code  Gb  stm32f10x_gpio.o [1]
GPIO_Set                0x08016483    0x62  Code  Gb  bsp.o [1]
GPIO_SetBits            0x08015f35     0x6  Code  Gb  stm32f10x_gpio.o [1]
GPIO_Toggle             0x08016529    0x5a  Code  Gb  bsp.o [1]
GPS_infoUnpack          0x080145c1   0x360  Code  Gb  bsp_q560.o [1]
GetCheckSumNR           0x08016bbd    0x2a  Code  Gb  CrcCheck.o [1]
GetCrc16Chk             0x08016b8d    0x30  Code  Gb  CrcCheck.o [1]
GetRecFlashAddr         0x08019aa7    0x14  Code  Lc  APP_task_osal_store.o [1]
Get_Byte                0x0801b6bd     0xa  Code  Gb  MX25.o [1]
HEAP$$Base              0x20000738           --   Gb  - Linker created -
HEAP$$Limit             0x20000d38           --   Gb  - Linker created -
Hex2Bcd                 0x080192d1    0x1e  Code  Gb  DS3231.o [1]
I2C_2_delay             0x080198c9     0xe  Code  Gb  bsp_IIC_2.o [1]
I2C_delay               0x0801b37d     0xe  Code  Gb  bsp_IIC.o [1]
IWDG_Enable             0x0801d63f     0xa  Code  Gb  stm32f10x_iwdg.o [1]
IWDG_ReloadCounter      0x0801d635     0xa  Code  Gb  stm32f10x_iwdg.o [1]
IWDG_SetPrescaler       0x0801d625     0x8  Code  Gb  stm32f10x_iwdg.o [1]
IWDG_SetReload          0x0801d62d     0x8  Code  Gb  stm32f10x_iwdg.o [1]
IWDG_WriteAccessCmd     0x0801d61d     0x8  Code  Gb  stm32f10x_iwdg.o [1]
LED_SEG_CODE            0x0801dbbc    0x84  Data  Gb  bsp_max7219.o [1]
LED_SPI_SendData        0x080195ad    0x28  Code  Gb  bsp_max7219.o [1]
LedDispBuf              0x20000004     0x8  Data  Gb  bsp_max7219.o [1]
LedDispCtrl             0x2000e1dc    0x2c  Data  Gb  bsp_max7219.o [1]
LkjDisplayInfo          0x0801cedd   0x182  Code  Gb  app_task_osal_disp.o [1]
LoadInt                 0x08010785    0x6e  Code  Lc  xprintffull.o [3]
MBM_FC03_HoldingRegRd   0x0801cc2d   0x116  Code  Gb  MBM_CORE.o [1]
MBM_FC16_HoldingRegWrN  0x0801cd43   0x19a  Code  Gb  MBM_CORE.o [1]
MBM_RxReply             0x0801cc25     0x8  Code  Gb  MBM_CORE.o [1]
MBM_TxCmd               0x0801cc1d     0x8  Code  Gb  MBM_CORE.o [1]
MBN_FCxx_Handler        0x080130d1   0x1ec  Code  Gb  app_ModbusInit.o [1]
MBS_ErrRespSet          0x08012027    0x26  Code  Lc  MBS_CORE.o [1]
MBS_FC01_CoilRd         0x0801215b   0x104  Code  Lc  MBS_CORE.o [1]
MBS_FC03_HoldingRegRd   0x0801225f    0xba  Code  Lc  MBS_CORE.o [1]
MBS_FC05_CoilWr         0x08012319    0xae  Code  Lc  MBS_CORE.o [1]
MBS_FC06_HoldingRegWr   0x080123c7    0xa6  Code  Lc  MBS_CORE.o [1]
MBS_FC08_Loopback       0x0801246d    0xfe  Code  Lc  MBS_CORE.o [1]
MBS_FC15_CoilWrMultiple
                        0x0801256b   0x126  Code  Lc  MBS_CORE.o [1]
MBS_FC16_HoldingRegWrMultiple
                        0x08012691    0xfe  Code  Lc  MBS_CORE.o [1]
MBS_FC20_FileRd         0x0801278f   0x148  Code  Lc  MBS_CORE.o [1]
MBS_FC21_FileWr         0x080128d7   0x132  Code  Lc  MBS_CORE.o [1]
MBS_FCxx_Handler        0x0801204d   0x10e  Code  Gb  MBS_CORE.o [1]
MBS_RTU_Task            0x08012a31    0x78  Code  Lc  MBS_CORE.o [1]
MBS_RxTask              0x08012a1f    0x12  Code  Gb  MBS_CORE.o [1]
MBS_StatInit            0x08012a09    0x16  Code  Gb  MBS_CORE.o [1]
MB_CfgCh                0x08012beb    0xa0  Code  Gb  MB.o [1]
MB_ChCtr                0x2000e424     0x1  Data  Gb  MB.o [1]
MB_ChPortMap            0x2000e308    0x14  Data  Lc  MB_BSP.o [1]
MB_ChTbl                0x20007938  0x21a0  Data  Gb  MB.o [1]
MB_ChToPortMap          0x08012cc9     0x8  Code  Gb  MB.o [1]
MB_CoilRd               0x08012aa9    0x3e  Code  Gb  MB_DATA.o [1]
MB_CoilWr               0x08012ae7    0x5a  Code  Gb  MB_DATA.o [1]
MB_CommPortCfg          0x08013609   0x27c  Code  Gb  MB_BSP.o [1]
MB_CommRxIntDis         0x08013885    0x70  Code  Gb  MB_BSP.o [1]
MB_CommRxIntEn          0x080138f5    0x68  Code  Gb  MB_BSP.o [1]
MB_CommTx1              0x080139ed    0x32  Code  Gb  MB_BSP.o [1]
MB_CommTxIntDis         0x08013a1f    0x7c  Code  Gb  MB_BSP.o [1]
MB_CommTxIntEn          0x08013a9b    0x7c  Code  Gb  MB_BSP.o [1]
MB_FileRd               0x08012b85     0xa  Code  Gb  MB_DATA.o [1]
MB_FileWr               0x08012b8f     0x8  Code  Gb  MB_DATA.o [1]
MB_HoldingRegRd         0x08012b41    0x20  Code  Gb  MB_DATA.o [1]
MB_HoldingRegWr         0x08012b61    0x1e  Code  Gb  MB_DATA.o [1]
MB_Init                 0x08012b99    0x52  Code  Gb  MB.o [1]
MB_MasterTimeoutSet     0x08012c8b     0x8  Code  Gb  MB.o [1]
MB_ModeSet              0x08012c93    0x26  Code  Gb  MB.o [1]
MB_NodeAddrSet          0x08012cb9     0x8  Code  Gb  MB.o [1]
MB_OS_Init              0x08013429     0xc  Code  Gb  MB_OS.o [1]
MB_OS_InitMaster        0x08013435    0x34  Code  Lc  MB_OS.o [1]
MB_OS_InitSlave         0x08013469    0x48  Code  Lc  MB_OS.o [1]
MB_OS_RxQ               0x2000e1ac    0x30  Data  Lc  MB_OS.o [1]
MB_OS_RxSemTbl          0x2000de8c    0xa0  Data  Gb  MB.o [1]
MB_OS_RxSignal          0x080134b1    0x2a  Code  Gb  MB_OS.o [1]
MB_OS_RxTask            0x080135c5    0x1e  Code  Lc  MB_OS.o [1]
MB_OS_RxTaskStk         0x2000c58c   0x800  Data  Lc  MB_OS.o [1]
MB_OS_RxTaskTCB         0x2000dfcc    0xa0  Data  Lc  MB_OS.o [1]
MB_OS_RxWait            0x080134db    0x92  Code  Gb  MB_OS.o [1]
MB_OS_TxOver            0x080135b3    0x10  Code  Gb  MB_OS.o [1]
MB_OS_TxSemTbl          0x2000df2c    0xa0  Data  Gb  MB.o [1]
MB_OS_TxWait            0x0801356d    0x46  Code  Gb  MB_OS.o [1]
MB_RTU_Freq             0x2000e40a     0x2  Data  Gb  MB.o [1]
MB_RTU_Rx               0x08012da3    0x6e  Code  Gb  MB.o [1]
MB_RTU_RxByte           0x08012d6f    0x34  Code  Gb  MB.o [1]
MB_RTU_RxCalcCRC        0x08013395    0x4c  Code  Gb  MB_UTIL.o [1]
MB_RTU_TmrCtr           0x2000e394     0x4  Data  Gb  MB.o [1]
MB_RTU_TmrISR_Handler   0x08013bad    0x26  Code  Gb  MB_BSP.o [1]
MB_RTU_TmrInit          0x08013b17    0x96  Code  Gb  MB_BSP.o [1]
MB_RTU_TmrReset         0x08012e5d     0x6  Code  Gb  MB.o [1]
MB_RTU_TmrResetAll      0x08012e63    0x22  Code  Gb  MB.o [1]
MB_RTU_TmrUpdate        0x08012e85    0x4a  Code  Gb  MB.o [1]
MB_RTU_Tx               0x08012e11    0x4c  Code  Gb  MB.o [1]
MB_RTU_TxCalcCRC        0x080133e1    0x46  Code  Gb  MB_UTIL.o [1]
MB_RxByte               0x08012cd1    0x12  Code  Gb  MB.o [1]
MB_RxTask               0x08012ce3    0x12  Code  Gb  MB.o [1]
MB_Tmr_ReloadCnts       0x2000e398     0x4  Data  Lc  MB_BSP.o [1]
MB_Tx                   0x08012cf5    0x20  Code  Gb  MB.o [1]
MB_TxByte               0x08012d15    0x5a  Code  Gb  MB.o [1]
MB_WrEnSet              0x08012cc1     0x8  Code  Gb  MB.o [1]
MX25L3206_Erase         0x0801b7cf   0x240  Code  Gb  MX25.o [1]
MX25L3206_RD            0x0801b6e3    0x5a  Code  Gb  MX25.o [1]
MX25L3206_WR            0x0801b73d    0x92  Code  Gb  MX25.o [1]
MasterAckI2C_2          0x08019997    0x22  Code  Gb  bsp_IIC_2.o [1]
MasterNoAckI2C          0x0801b44b    0x22  Code  Gb  bsp_IIC.o [1]
MasterNoAckI2C_2        0x080199b9    0x22  Code  Gb  bsp_IIC_2.o [1]
Mem_Clr                 0x08018b61     0xc  Code  Gb  lib_mem.o [1]
Mem_Heap                0x20000d38  0x6c00  Data  Gb  lib_mem.o [1]
Mem_Init                0x08018b29    0x38  Code  Gb  lib_mem.o [1]
Mem_SegCreate           0x08018bc7    0xc4  Code  Gb  lib_mem.o [1]
Mem_SegCreateCritical   0x08018c8b    0x1a  Code  Lc  lib_mem.o [1]
Mem_SegHeadPtr          0x2000e390     0x4  Data  Gb  lib_mem.o [1]
Mem_SegHeap             0x2000e2f4    0x14  Data  Gb  lib_mem.o [1]
Mem_SegOverlapChkCritical
                        0x08018ca5    0x4e  Code  Lc  lib_mem.o [1]
Mem_Set                 0x08018b6d    0x5a  Code  Gb  lib_mem.o [1]
MtrCom                  0x2000e360     0x4  Data  Gb  app_var.o [1]
MtrCommErrjudge         0x0801bf45    0x7e  Code  Gb  app_mtr_com.o [1]
MtrRdSpecial            0x0801bfc3    0x5a  Code  Gb  app_mtr_com.o [1]
MtrWrSpecial            0x0801c01d    0x60  Code  Gb  app_mtr_com.o [1]
NMB_Tx                  0x080132bd    0xa6  Code  Gb  app_ModbusInit.o [1]
NVIC_SetVectorTable     0x0801cb85     0xc  Code  Gb  stm32f10x_nvic.o [1]
OSAL_TaskCreateHook     0x08018acd    0x34  Code  Gb  hook.o [1]
OSCfg_ISRStk            0x2000d28c   0x200  Data  Gb  os_cfg_app.o [1]
OSCfg_ISRStkBasePtr     0x0801e1c0     0x4  Data  Gb  os_cfg_app.o [1]
OSCfg_ISRStkSize        0x0801e1c4     0x4  Data  Gb  os_cfg_app.o [1]
OSCfg_IdleTaskStk       0x2000dabc   0x100  Data  Gb  os_cfg_app.o [1]
OSCfg_IdleTaskStkBasePtr
                        0x0801e1b4     0x4  Data  Gb  os_cfg_app.o [1]
OSCfg_IdleTaskStkLimit  0x0801e1b8     0x4  Data  Gb  os_cfg_app.o [1]
OSCfg_IdleTaskStkSize   0x0801e1bc     0x4  Data  Gb  os_cfg_app.o [1]
OSCfg_Init              0x08018ea5     0x2  Code  Gb  os_cfg_app.o [1]
OSCfg_MsgPool           0x2000d48c   0x200  Data  Gb  os_cfg_app.o [1]
OSCfg_MsgPoolBasePtr    0x0801e1c8     0x4  Data  Gb  os_cfg_app.o [1]
OSCfg_MsgPoolSize       0x08011342     0x2  Data  Gb  os_cfg_app.o [1]
OSCfg_StkSizeMin        0x0801e1cc     0x4  Data  Gb  os_cfg_app.o [1]
OSCfg_TickRate_Hz       0x0801e1d0     0x4  Data  Gb  os_cfg_app.o [1]
OSCfg_TickTaskPrio      0x08018fbe     0x1  Data  Gb  os_cfg_app.o [1]
OSCfg_TickTaskStk       0x2000d68c   0x190  Data  Gb  os_cfg_app.o [1]
OSCfg_TickTaskStkBasePtr
                        0x0801e1d4     0x4  Data  Gb  os_cfg_app.o [1]
OSCfg_TickTaskStkLimit  0x0801e1d8     0x4  Data  Gb  os_cfg_app.o [1]
OSCfg_TickTaskStkSize   0x0801e1dc     0x4  Data  Gb  os_cfg_app.o [1]
OSDbg_AppHooksEn        0x0801953f     0x1  Data  Gb  os_dbg.o [1]
OSDbg_ArgChkEn          0x0801953e     0x1  Data  Gb  os_dbg.o [1]
OSDbg_CalledFromISRChkEn
                        0x0801989a     0x1  Data  Gb  os_dbg.o [1]
OSDbg_DataSize          0x0801e1e8     0x4  Data  Gb  os_dbg.o [1]
OSDbg_DbgEn             0x08018fbf     0x1  Data  Gb  os_dbg.o [1]
OSDbg_EndiannessTest    0x0801e1e0     0x4  Data  Gb  os_dbg.o [1]
OSDbg_FlagDelEn         0x08019a76     0x1  Data  Gb  os_dbg.o [1]
OSDbg_FlagEn            0x0801989b     0x1  Data  Gb  os_dbg.o [1]
OSDbg_FlagGrp           0x0801de58    0x28  Data  Gb  os_dbg.o [1]
OSDbg_FlagGrpSize       0x080113a6     0x2  Data  Gb  os_dbg.o [1]
OSDbg_FlagModeClrEn     0x08019a77     0x1  Data  Gb  os_dbg.o [1]
OSDbg_FlagPendAbortEn   0x0801a64a     0x1  Data  Gb  os_dbg.o [1]
OSDbg_FlagWidth         0x08011472     0x2  Data  Gb  os_dbg.o [1]
OSDbg_Mem               0x0801def0    0x20  Data  Gb  os_dbg.o [1]
OSDbg_MemEn             0x0801a64b     0x1  Data  Gb  os_dbg.o [1]
OSDbg_MemSize           0x080114ea     0x2  Data  Gb  os_dbg.o [1]
OSDbg_MsgEn             0x0801bb92     0x1  Data  Gb  os_dbg.o [1]
OSDbg_MsgPoolSize       0x080116fa     0x2  Data  Gb  os_dbg.o [1]
OSDbg_MsgQSize          0x08011bb2     0x2  Data  Gb  os_dbg.o [1]
OSDbg_MsgSize           0x080116ca     0x2  Data  Gb  os_dbg.o [1]
OSDbg_Mutex             0x0801ddc8    0x30  Data  Gb  os_dbg.o [1]
OSDbg_MutexDelEn        0x0801cb82     0x1  Data  Gb  os_dbg.o [1]
OSDbg_MutexEn           0x0801bb93     0x1  Data  Gb  os_dbg.o [1]
OSDbg_MutexPendAbortEn  0x0801cb83     0x1  Data  Gb  os_dbg.o [1]
OSDbg_MutexSize         0x08011e0a     0x2  Data  Gb  os_dbg.o [1]
OSDbg_ObjTypeChkEn      0x0801dbba     0x1  Data  Gb  os_dbg.o [1]
OSDbg_PendListSize      0x08011e86     0x2  Data  Gb  os_dbg.o [1]
OSDbg_PendObjSize       0x08011f3a     0x2  Data  Gb  os_dbg.o [1]
OSDbg_PrioMax           0x08012b96     0x2  Data  Gb  os_dbg.o [1]
OSDbg_PrioTblSize       0x08013426     0x2  Data  Gb  os_dbg.o [1]
OSDbg_PtrSize           0x08014ab2     0x2  Data  Gb  os_dbg.o [1]
OSDbg_Q                 0x0801ddf8    0x30  Data  Gb  os_dbg.o [1]
OSDbg_QDelEn            0x0801dd66     0x1  Data  Gb  os_dbg.o [1]
OSDbg_QEn               0x0801dbbb     0x1  Data  Gb  os_dbg.o [1]
OSDbg_QFlushEn          0x0801dd67     0x1  Data  Gb  os_dbg.o [1]
OSDbg_QPendAbortEn      0x0801dfbe     0x1  Data  Gb  os_dbg.o [1]
OSDbg_QSize             0x08014ae6     0x2  Data  Gb  os_dbg.o [1]
OSDbg_RdyList           0x0801640a     0x2  Data  Gb  os_dbg.o [1]
OSDbg_RdyListSize       0x0801e1e4     0x4  Data  Gb  os_dbg.o [1]
OSDbg_SchedRoundRobinEn
                        0x0801dfbf     0x1  Data  Gb  os_dbg.o [1]
OSDbg_Sem               0x0801de80    0x28  Data  Gb  os_dbg.o [1]
OSDbg_SemDelEn          0x0801dfcb     0x1  Data  Gb  os_dbg.o [1]
OSDbg_SemEn             0x0801dfca     0x1  Data  Gb  os_dbg.o [1]
OSDbg_SemPendAbortEn    0x0801e1f0     0x1  Data  Gb  os_dbg.o [1]
OSDbg_SemSetEn          0x0801e1f1     0x1  Data  Gb  os_dbg.o [1]
OSDbg_SemSize           0x08014b36     0x2  Data  Gb  os_dbg.o [1]
OSDbg_StatTaskEn        0x0801e1f3     0x1  Data  Gb  os_dbg.o [1]
OSDbg_StatTaskStkChkEn  0x0801e1f4     0x1  Data  Gb  os_dbg.o [1]
OSDbg_StkWidth          0x0801e1f2     0x1  Data  Gb  os_dbg.o [1]
OSDbg_TCBSize           0x080187be     0x2  Data  Gb  os_dbg.o [1]
OSDbg_TaskChangePrioEn  0x0801e1f5     0x1  Data  Gb  os_dbg.o [1]
OSDbg_TaskDelEn         0x0801e1f6     0x1  Data  Gb  os_dbg.o [1]
OSDbg_TaskProfileEn     0x0801e1f9     0x1  Data  Gb  os_dbg.o [1]
OSDbg_TaskQEn           0x0801e1f7     0x1  Data  Gb  os_dbg.o [1]
OSDbg_TaskQPendAbortEn  0x0801e1f8     0x1  Data  Gb  os_dbg.o [1]
OSDbg_TaskRegTblSize    0x08017c46     0x2  Data  Gb  os_dbg.o [1]
OSDbg_TaskSemPendAbortEn
                        0x0801e1fa     0x1  Data  Gb  os_dbg.o [1]
OSDbg_TaskSuspendEn     0x0801e1fb     0x1  Data  Gb  os_dbg.o [1]
OSDbg_TickListSize      0x08018a92     0x2  Data  Gb  os_dbg.o [1]
OSDbg_TimeDlyHMSMEn     0x0801e1fc     0x1  Data  Gb  os_dbg.o [1]
OSDbg_TimeDlyResumeEn   0x0801e1fd     0x1  Data  Gb  os_dbg.o [1]
OSDbg_Tmr               0x0801de28    0x30  Data  Gb  os_dbg.o [1]
OSDbg_TmrEn             0x0801e1fe     0x1  Data  Gb  os_dbg.o [1]
OSDbg_VersionNbr        0x08018ea6     0x2  Data  Gb  os_dbg.o [1]
OSFlagCreate            0x08013ebd    0x74  Code  Gb  os_flag.o [1]
OSFlagDbgListPtr        0x2000e3c0     0x4  Data  Gb  os_var.o [1]
OSFlagPend              0x08013f31   0x474  Code  Gb  os_flag.o [1]
OSFlagPost              0x080143a5   0x15e  Code  Gb  os_flag.o [1]
OSFlagQty               0x2000e40c     0x2  Data  Gb  os_var.o [1]
OSIdleTaskCtr           0x2000e3bc     0x4  Data  Gb  os_var.o [1]
OSIdleTaskHook          0x080184c5    0x12  Code  Gb  os_cpu_c.o [1]
OSIdleTaskTCB           0x2000e06c    0xa0  Data  Gb  os_var.o [1]
OSInit                  0x08016dbd   0x134  Code  Gb  os_core.o [1]
OSInitHook              0x080184d7    0x14  Code  Gb  os_cpu_c.o [1]
OSInitialized           0x2000e427     0x1  Data  Gb  os_var.o [1]
OSIntEnter              0x08016ef1    0x24  Code  Gb  os_core.o [1]
OSIntExit               0x08016f15    0xb2  Code  Gb  os_core.o [1]
OSIntNestingCtr         0x2000e425     0x1  Data  Gb  os_var.o [1]
OSMemDbgListPtr         0x2000e3c4     0x4  Data  Gb  os_var.o [1]
OSMemQty                0x2000e40e     0x2  Data  Gb  os_var.o [1]
OSMsgPool               0x2000e32c     0xc  Data  Gb  os_var.o [1]
OSMutexDbgListPtr       0x2000e3c8     0x4  Data  Gb  os_var.o [1]
OSMutexQty              0x2000e410     0x2  Data  Gb  os_var.o [1]
OSPrioCur               0x2000e428     0x1  Data  Gb  os_var.o [1]
OSPrioHighRdy           0x2000e429     0x1  Data  Gb  os_var.o [1]
OSPrioTbl               0x2000e338     0x8  Data  Gb  os_prio.o [1]
OSQCreate               0x08014b39    0x8a  Code  Gb  os_q.o [1]
OSQDbgListPtr           0x2000e3cc     0x4  Data  Gb  os_var.o [1]
OSQPend                 0x08014bc3   0x1d0  Code  Gb  os_q.o [1]
OSQPost                 0x08014d93   0x100  Code  Gb  os_q.o [1]
OSQQty                  0x2000e412     0x2  Data  Gb  os_var.o [1]
OSRdyList               0x2000cd8c   0x300  Data  Gb  os_var.o [1]
OSRegWdtFlag            0x0801bf0d     0xc  Code  Gb  app.o [1]
OSRunning               0x2000e426     0x1  Data  Gb  os_var.o [1]
OSSched                 0x08016fc7    0x78  Code  Gb  os_core.o [1]
OSSchedLockNestingCtr   0x2000e42a     0x1  Data  Gb  os_var.o [1]
OSSemCreate             0x0801570d    0x74  Code  Gb  os_sem.o [1]
OSSemDbgListPtr         0x2000e3d0     0x4  Data  Gb  os_var.o [1]
OSSemPend               0x08015781   0x18a  Code  Gb  os_sem.o [1]
OSSemPost               0x0801590b    0xe2  Code  Gb  os_sem.o [1]
OSSemQty                0x2000e414     0x2  Data  Gb  os_var.o [1]
OSSetWdtFlag            0x0801bf19    0x10  Code  Gb  app.o [1]
OSStart                 0x0801703f    0x90  Code  Gb  os_core.o [1]
OSStartHighRdy          0x08018ea9          Code  Gb  os_cpu_a.o [1]
OSTCBCurPtr             0x2000e3e4     0x4  Data  Gb  os_var.o [1]
OSTCBHighRdyPtr         0x2000e3e8     0x4  Data  Gb  os_var.o [1]
OSTaskCreate            0x08014ed9   0x1a8  Code  Gb  os_task.o [1]
OSTaskCreateHook        0x080184eb    0x12  Code  Gb  os_cpu_c.o [1]
OSTaskCtxSwCtr          0x2000e3d4     0x4  Data  Gb  os_var.o [1]
OSTaskDbgListPtr        0x2000e3d8     0x4  Data  Gb  os_var.o [1]
OSTaskDel               0x08015081   0x186  Code  Gb  os_task.o [1]
OSTaskDelHook           0x080184fd    0x12  Code  Gb  os_cpu_c.o [1]
OSTaskQty               0x2000e416     0x2  Data  Gb  os_var.o [1]
OSTaskRegNextAvailID    0x2000e42b     0x1  Data  Gb  os_var.o [1]
OSTaskReturnHook        0x0801850f    0x12  Code  Gb  os_cpu_c.o [1]
OSTaskSemPend           0x08015207   0x164  Code  Gb  os_task.o [1]
OSTaskSemPost           0x0801536b   0x110  Code  Gb  os_task.o [1]
OSTaskStkInit           0x08018521    0x80  Code  Gb  os_cpu_c.o [1]
OSTaskSwHook            0x080185a1    0x2a  Code  Gb  os_cpu_c.o [1]
OSTickCtr               0x2000e3dc     0x4  Data  Gb  os_var.o [1]
OSTickListDly           0x2000e340     0x8  Data  Gb  os_var.o [1]
OSTickListTimeout       0x2000e348     0x8  Data  Gb  os_var.o [1]
OSTickTaskTCB           0x2000e10c    0xa0  Data  Gb  os_var.o [1]
OSTickTaskTimeMax       0x2000e3e0     0x4  Data  Gb  os_var.o [1]
OSTimeDlyHMSM           0x080180f1   0x17a  Code  Gb  os_time.o [1]
OSTimeGet               0x0801826b    0x26  Code  Gb  os_time.o [1]
OSTimeTick              0x08018291    0x1a  Code  Gb  os_time.o [1]
OSTimeTickHook          0x080185cb    0x12  Code  Gb  os_cpu_c.o [1]
OS_AppIdleTaskHookPtr   0x2000e3ac     0x4  Data  Gb  os_var.o [1]
OS_AppStatTaskHookPtr   0x2000e3b0     0x4  Data  Gb  os_var.o [1]
OS_AppTaskCreateHookPtr
                        0x2000e3a0     0x4  Data  Gb  os_var.o [1]
OS_AppTaskDelHookPtr    0x2000e3a4     0x4  Data  Gb  os_var.o [1]
OS_AppTaskReturnHookPtr
                        0x2000e3a8     0x4  Data  Gb  os_var.o [1]
OS_AppTaskSwHookPtr     0x2000e3b4     0x4  Data  Gb  os_var.o [1]
OS_AppTimeTickHookPtr   0x2000e3b8     0x4  Data  Gb  os_var.o [1]
OS_CPU_ExceptStkBase    0x2000e39c     0x4  Data  Gb  os_cpu_c.o [1]
OS_CPU_SysTickHandler   0x080185dd    0x3a  Code  Gb  os_cpu_c.o [1]
OS_CPU_SysTickInit      0x08018617    0x2c  Code  Gb  os_cpu_c.o [1]
OS_Dbg_Init             0x08018d21   0x184  Code  Gb  os_dbg.o [1]
OS_FlagBlock            0x08014503    0x24  Code  Gb  os_flag.o [1]
OS_FlagDbgListAdd       0x08014527    0x28  Code  Gb  os_flag.o [1]
OS_FlagTaskRdy          0x0801456d    0x54  Code  Gb  os_flag.o [1]
OS_IdleTask             0x080170cf    0x2c  Code  Gb  os_core.o [1]
OS_IdleTaskInit         0x080170fb    0x50  Code  Gb  os_core.o [1]
OS_MemInit              0x08018d05    0x12  Code  Gb  os_mem.o [1]
OS_MsgPoolInit          0x080182c9    0x86  Code  Gb  os_msg.o [1]
OS_MsgQFreeAll          0x0801834f    0x44  Code  Gb  os_msg.o [1]
OS_MsgQGet              0x080183a7    0x70  Code  Gb  os_msg.o [1]
OS_MsgQInit             0x08018393    0x14  Code  Gb  os_msg.o [1]
OS_MsgQPut              0x08018417    0xa2  Code  Gb  os_msg.o [1]
OS_MutexGrpAdd          0x08018715     0x8  Code  Gb  os_mutex.o [1]
OS_MutexGrpPostAll      0x0801875f    0x60  Code  Gb  os_mutex.o [1]
OS_MutexGrpPrioFindHighest
                        0x08018733    0x2c  Code  Gb  os_mutex.o [1]
OS_MutexGrpRemove       0x0801871d    0x16  Code  Gb  os_mutex.o [1]
OS_Pend                 0x0801714b    0x5a  Code  Gb  os_core.o [1]
OS_PendDbgNameAdd       0x080171a5    0x40  Code  Gb  os_core.o [1]
OS_PendDbgNameRemove    0x080171e5    0x20  Code  Gb  os_core.o [1]
OS_PendListChangePrio   0x08017205    0x24  Code  Gb  os_core.o [1]
OS_PendListInit         0x08017229     0xe  Code  Gb  os_core.o [1]
OS_PendListInsertPrio   0x08017237    0x6e  Code  Gb  os_core.o [1]
OS_PendListRemove       0x080172a5    0x58  Code  Gb  os_core.o [1]
OS_Post                 0x080172fd    0xaa  Code  Gb  os_core.o [1]
OS_PrioGetHighest       0x08018699    0x20  Code  Gb  os_prio.o [1]
OS_PrioInit             0x08018685    0x14  Code  Gb  os_prio.o [1]
OS_PrioInsert           0x080186b9    0x2a  Code  Gb  os_prio.o [1]
OS_PrioRemove           0x080186e3    0x2c  Code  Gb  os_prio.o [1]
OS_QDbgListAdd          0x08014e93    0x28  Code  Gb  os_q.o [1]
OS_RdyListInit          0x080173a7    0x20  Code  Gb  os_core.o [1]
OS_RdyListInsert        0x080173c7    0x28  Code  Gb  os_core.o [1]
OS_RdyListInsertHead    0x080173ef    0x3a  Code  Gb  os_core.o [1]
OS_RdyListInsertTail    0x08017429    0x38  Code  Gb  os_core.o [1]
OS_RdyListRemove        0x08017461    0x5c  Code  Gb  os_core.o [1]
OS_SemDbgListAdd        0x080159ed    0x28  Code  Gb  os_sem.o [1]
OS_TaskBlock            0x080174c5    0x28  Code  Gb  os_core.o [1]
OS_TaskChangePrio       0x08015619    0xd6  Code  Gb  os_task.o [1]
OS_TaskCreateHook       0x08018aa9    0x24  Code  Gb  hook.o [1]
OS_TaskDbgListAdd       0x08015495    0x2c  Code  Gb  os_task.o [1]
OS_TaskDbgListRemove    0x080154c1    0x4a  Code  Gb  os_task.o [1]
OS_TaskInit             0x0801550b    0x18  Code  Gb  os_task.o [1]
OS_TaskInitTCB          0x08015523    0xe2  Code  Gb  os_task.o [1]
OS_TaskReturn           0x08015605    0x14  Code  Gb  os_task.o [1]
OS_TickListInsert       0x080176a5    0x88  Code  Gb  os_tick.o [1]
OS_TickListInsertDly    0x0801772d    0x8e  Code  Gb  os_tick.o [1]
[...]
RCC_APB2PeriphClockCmd  0x08015d25    0x20  Code  Gb  stm32f10x_rcc.o [1]
RCC_APB2PeriphResetCmd  0x08015d65    0x20  Code  Gb  stm32f10x_rcc.o [1]
RCC_ClearFlag           0x08015de3     0xe  Code  Gb  stm32f10x_rcc.o [1]
RCC_DeInit              0x08015a31    0x5e  Code  Gb  stm32f10x_rcc.o [1]
RCC_GetClocksFreq       0x08015c2b    0xfa  Code  Gb  stm32f10x_rcc.o [1]
RCC_GetFlagStatus       0x08015da5    0x3e  Code  Gb  stm32f10x_rcc.o [1]
RCC_GetSYSCLKSource     0x08015bc3     0xc  Code  Gb  stm32f10x_rcc.o [1]
RCC_HCLKConfig          0x08015bcf    0x16  Code  Gb  stm32f10x_rcc.o [1]
RCC_HSEConfig           0x08015a8f    0x54  Code  Gb  stm32f10x_rcc.o [1]
RCC_LSICmd              0x08015c23     0x8  Code  Gb  stm32f10x_rcc.o [1]
RCC_OTGFSCLKConfig      0x08015c1d     0x6  Code  Gb  stm32f10x_rcc.o [1]
RCC_PCLK1Config         0x08015be5    0x12  Code  Gb  stm32f10x_rcc.o [1]
RCC_PCLK2Config         0x08015bf7    0x14  Code  Gb  stm32f10x_rcc.o [1]
RCC_PLL1Cmd             0x08015b63     0xa  Code  Gb  stm32f10x_rcc.o [1]
RCC_PLL1Config          0x08015b4b    0x18  Code  Gb  stm32f10x_rcc.o [1]
RCC_PLL2Cmd             0x08015b83     0xa  Code  Gb  stm32f10x_rcc.o [1]
RCC_PLL2Config          0x08015b6d    0x16  Code  Gb  stm32f10x_rcc.o [1]
RCC_PLL3Cmd             0x08015ba3     0xa  Code  Gb  stm32f10x_rcc.o [1]
RCC_PLL3Config          0x08015b8d    0x16  Code  Gb  stm32f10x_rcc.o [1]
RCC_PREDIV1Config       0x08015b1b    0x1a  Code  Gb  stm32f10x_rcc.o [1]
RCC_PREDIV2Config       0x08015b35    0x16  Code  Gb  stm32f10x_rcc.o [1]
RCC_SYSCLKConfig        0x08015bad    0x16  Code  Gb  stm32f10x_rcc.o [1]
RCC_WaitForHSEStartUp   0x08015ae3    0x38  Code  Gb  stm32f10x_rcc.o [1]
RTC_SendEvent           0x0801b35d     0xa  Code  Gb  bsp_IIC.o [1]
RTC_WaitEvent           0x0801b351     0xc  Code  Gb  bsp_IIC.o [1]
ReadByteWithI2C         0x0801b4d9    0x30  Code  Gb  bsp_IIC.o [1]
ReadByteWithI2C_2       0x08019a47    0x30  Code  Gb  bsp_IIC_2.o [1]
ReadDS3231Byte          0x080192ef    0x5c  Code  Gb  DS3231.o [1]
ReadFM24CL64            0x0801baf7    0x9c  Code  Gb  bsp_FRAM.o [1]
ReadFlsh                0x0801ba69     0xe  Code  Gb  MX25.o [1]
ReadFlshRec             0x08019ca1    0x1e  Code  Gb  APP_task_osal_store.o [1]
ReadSDA                 0x0801b3f3    0x14  Code  Gb  bsp_IIC.o [1]
ReadSDA_2               0x0801993f    0x14  Code  Gb  bsp_IIC_2.o [1]
Region$$Table$$Base     0x0801ded0           --   Gb  - Linker created -
Region$$Table$$Limit    0x0801def0           --   Gb  - Linker created -
SPI_Cmd                 0x0801cb4b    0x1c  Code  Gb  stm32f10x_spi.o [1]
SPI_FLASH_Init          0x0801b59f    0xe4  Code  Gb  MX25.o [1]
SPI_Flash_WAKEUP        0x0801b6c7    0x1c  Code  Gb  MX25.o [1]
SPI_GpioInit            0x08019541     0x2  Code  Lc  bsp_max7219.o [1]
SPI_I2S_GetFlagStatus   0x0801cb6f    0x14  Code  Gb  stm32f10x_spi.o [1]
SPI_I2S_ReceiveData     0x0801cb6b     0x4  Code  Gb  stm32f10x_spi.o [1]
SPI_I2S_SendData        0x0801cb67     0x4  Code  Gb  stm32f10x_spi.o [1]
SPI_Init                0x0801cb0d    0x3e  Code  Gb  stm32f10x_spi.o [1]
SPI_SendByte            0x08019543    0x4c  Code  Lc  bsp_max7219.o [1]
Send_Byte               0x0801b683    0x3a  Code  Gb  MX25.o [1]
StartI2C                0x0801b407    0x22  Code  Gb  bsp_IIC.o [1]
StartI2C_2              0x08019953    0x22  Code  Gb  bsp_IIC_2.o [1]
StopI2C                 0x0801b429    0x22  Code  Gb  bsp_IIC.o [1]
StopI2C_2               0x08019975    0x22  Code  Gb  bsp_IIC_2.o [1]
TIME_ConvCalendarToUnix
                        0x08017ee9    0x10  Code  Gb  bsp_time.o [1]
TIME_ConvUnixToCalendar
                        0x08017ecd    0x1c  Code  Gb  bsp_time.o [1]
TIME_GetCalendarTime    0x08017ef9    0x2a  Code  Gb  bsp_time.o [1]
TIME_SetCalendarTime    0x08017f45    0x1e  Code  Gb  bsp_time.o [1]
TIME_SetUnixTime        0x08017f23    0x22  Code  Gb  bsp_time.o [1]
TIM_ClearFlag           0x08016b55     0x8  Code  Gb  stm32f10x_tim.o [1]
TIM_ClearITPendingBit   0x08016b85     0x8  Code  Gb  stm32f10x_tim.o [1]
TIM_Cmd                 0x08016b21    0x1c  Code  Gb  stm32f10x_tim.o [1]
TIM_DeInit              0x08016a01    0xce  Code  Gb  stm32f10x_tim.o [1]
TIM_GetITStatus         0x08016b5d    0x28  Code  Gb  stm32f10x_tim.o [1]
TIM_ITConfig            0x08016b3d    0x18  Code  Gb  stm32f10x_tim.o [1]
TIM_TimeBaseInit        0x08016acf    0x36  Code  Gb  stm32f10x_tim.o [1]
Task                    0x2000dbbc    0xf0  Data  Gb  osal_event.o [1]
TaskActive              0x2000e3f0     0x4  Data  Gb  osal_event.o [1]
TaskDispEvtProcess      0x0801d05f   0x11e  Code  Gb  app_task_osal_disp.o [1]
TaskHead                0x2000e3ec     0x4  Data  Gb  osal_event.o [1]
TaskInitDisp            0x0801d18b    0x5a  Code  Gb  app_task_osal_disp.o [1]
TaskInitLed             0x0801dba5    0x16  Code  Gb  app_task_osal_led.o [1]
TaskInitStore           0x08019ef3    0x14  Code  Gb  APP_task_osal_store.o [1]
TaskInitTmr             0x0801dd53    0x14  Code  Gb  app_task_osal_tmr.o [1]
TaskLedEvtProcess       0x0801db35    0x6c  Code  Gb  app_task_osal_led.o [1]
TaskStoreEvtProcess     0x08019e8d    0x66  Code  Gb  APP_task_osal_store.o [1]
TaskTmrEvtProcess       0x0801dd33    0x20  Code  Gb  app_task_osal_tmr.o [1]
Task_id                 0x2000e3f4     0x4  Data  Gb  osal_event.o [1]
TaxCom                  0x2000e364     0x4  Data  Gb  app_var.o [1]
USART1_RxTxISRHandler   0x080139bd     0xc  Code  Gb  MB_BSP.o [1]
USART2_RxTxISRHandler   0x080139c9     0xc  Code  Gb  MB_BSP.o [1]
USART3_RxTxISRHandler   0x080139d5     0xc  Code  Gb  MB_BSP.o [1]
USART4_RxTxISRHandler   0x080139e1     0xc  Code  Gb  MB_BSP.o [1]
USART_ClearFlag         0x080160f3     0x8  Code  Gb  stm32f10x_usart.o [1]
USART_ClearITPendingBit
                        0x080160fb    0x16  Code  Gb  stm32f10x_usart.o [1]
USART_Cmd               0x08016071    0x1c  Code  Gb  stm32f10x_usart.o [1]
USART_DeInit            0x08015f41    0x90  Code  Gb  stm32f10x_usart.o [1]
USART_GetFlagStatus     0x080160df    0x14  Code  Gb  stm32f10x_usart.o [1]
USART_ITConfig          0x0801608d    0x4a  Code  Gb  stm32f10x_usart.o [1]
USART_Init              0x08015fd1    0x8a  Code  Gb  stm32f10x_usart.o [1]
USART_ReceiveData       0x080160d7     0x8  Code  Gb  stm32f10x_usart.o [1]
USARTx_RxTxISRHandler   0x0801395d    0x60  Code  Gb  MB_BSP.o [1]
WIN_DispMsg             0x080195d5   0x11a  Code  Gb  bsp_max7219.o [1]
WriteByteWithI2C        0x0801b49b    0x3e  Code  Gb  bsp_IIC.o [1]
WriteByteWithI2C_2      0x08019a09    0x3e  Code  Gb  bsp_IIC_2.o [1]
WriteDS3231Byte         0x0801934b    0x46  Code  Gb  DS3231.o [1]
WriteFM24CL64           0x0801ba77    0x80  Code  Gb  bsp_FRAM.o [1]
WriteFlsh               0x0801ba21    0x48  Code  Gb  MX25.o [1]
WriteFlshRec            0x08019cbf    0x20  Code  Gb  APP_task_osal_store.o [1]
WriteSCL                0x0801b3b3    0x20  Code  Gb  bsp_IIC.o [1]
WriteSCL_2              0x080198ff    0x20  Code  Gb  bsp_IIC_2.o [1]
WriteSDA                0x0801b3d3    0x20  Code  Gb  bsp_IIC.o [1]
WriteSDA_2              0x0801991f    0x20  Code  Gb  bsp_IIC_2.o [1]
_EncodingSb_Mbtowc      0x08011ec7    0x30  Code  Gb  xencoding_sb.o [3]
_EncodingSb_Wctomb      0x08011ead    0x1a  Code  Gb  xencoding_sb.o [3]
_GenldFull              0x0801100f   0x24c  Code  Lc  xprintffull.o [3]
_IsdstStr               0x200000c8     0x4  Data  Gb  setlocale.o [3]
_LdtobFull              0x08010c0d   0x3fc  Code  Lc  xprintffull.o [3]
_LitobFull              0x08010b05   0x106  Code  Lc  xprintffull.o [3]
_LocaleC_isalpha        0x0801cad7    0x16  Code  Gb  xlocale_c.o [3]
_LocaleC_isspace        0x0801caed    0x14  Code  Gb  xlocale_c.o [3]
_LocaleC_tolower        0x0801cb01     0xc  Code  Gb  xlocale_c.o [3]
_LocaleEncoding         0x08011e9b     0xe  Code  Gb  setlocale.o [3]
_LocaleForCat           0x08011e89    0x12  Code  Gb  setlocale.o [3]
_LocaleReturnString     0x200000e8    0x50  Data  Lc  setlocale.o [3]
_Locale_Profile         0x200000cc    0x1c  Data  Gb  setlocale.o [3]
_Locale_aeabi_lconv     0x20000088    0x38  Data  Gb  localeconv.o [3]
_Locale_lconv           0x20000038    0x50  Data  Gb  localeconv.o [3]
_Mbtowc                 0x080112a3    0x20  Code  Gb  xmbtowc.o [3]
_PrintfFull             0x08010151   0x61e  Code  Gb  xprintffull.o [3]
_PutcharsFull           0x0801125b    0x2e  Code  Lc  xprintffull.o [3]
_PutstrFull             0x080107f3   0x30c  Code  Lc  xprintffull.o [3]
_SNProut                0x080112f3    0x1a  Code  Gb  xsnprout.o [3]
_Stoflt                 0x0801ad39   0x1b8  Code  Gb  xstoflt.o [3]
_Stopfx                 0x0801ac15   0x124  Code  Gb  xstopfx.o [3]
_Stoxflt                0x0801b0f1   0x1e2  Code  Gb  xstoxflt.o [3]
_TzoneStr               0x200000c4     0x4  Data  Gb  setlocale.o [3]
_Wctomb                 0x08011459    0x1a  Code  Gb  xwctomb.o [3]
__BASEPRICONFIG         0x0801dca7          Code  Gb  cortexm3_macro.o [1]
__DMB                   0x0801dc59          Code  Gb  cortexm3_macro.o [1]
__DSB                   0x0801dc53          Code  Gb  cortexm3_macro.o [1]
__GetBASEPRI            0x0801dcad          Code  Gb  cortexm3_macro.o [1]
__ISB                   0x0801dc4d          Code  Gb  cortexm3_macro.o [1]
__MRS_CONTROL           0x0801dc63          Code  Gb  cortexm3_macro.o [1]
__MRS_MSP               0x0801dc7f          Code  Gb  cortexm3_macro.o [1]
__MRS_PSP               0x0801dc73          Code  Gb  cortexm3_macro.o [1]
__MSR_CONTROL           0x0801dc69          Code  Gb  cortexm3_macro.o [1]
__MSR_MSP               0x0801dc85          Code  Gb  cortexm3_macro.o [1]
__MSR_PSP               0x0801dc79          Code  Gb  cortexm3_macro.o [1]
__READ_FAULTMASK        0x0801dca1          Code  Gb  cortexm3_macro.o [1]
__READ_PRIMASK          0x0801dc93          Code  Gb  cortexm3_macro.o [1]
__RESETFAULTMASK        0x0801dc99          Code  Gb  cortexm3_macro.o [1]
__RESETPRIMASK          0x0801dc8b          Code  Gb  cortexm3_macro.o [1]
__REV_HalfWord          0x0801dcb3          Code  Gb  cortexm3_macro.o [1]
__REV_Word              0x0801dcb7          Code  Gb  cortexm3_macro.o [1]
__SETFAULTMASK          0x0801dc9d          Code  Gb  cortexm3_macro.o [1]
__SETPRIMASK            0x0801dc8f          Code  Gb  cortexm3_macro.o [1]
__SEV                   0x0801dc49          Code  Gb  cortexm3_macro.o [1]
__SVC                   0x0801dc5f          Code  Gb  cortexm3_macro.o [1]
__WFE                   0x0801dc45          Code  Gb  cortexm3_macro.o [1]
__WFI                   0x0801dc41          Code  Gb  cortexm3_macro.o [1]
__aeabi_cdcmpeq         0x0801ca65          Code  Gb  DblCmpEq.o [4]
__aeabi_cdcmple         0x0801169d          Code  Gb  DblCmpLe.o [4]
__aeabi_cdrcmple        0x080116cd          Code  Gb  DblCmpGe.o [4]
__aeabi_d2f             0x08017a8d          Code  Gb  DblToFlt.o [4]
__aeabi_d2iz            0x08011809          Code  Gb  DblToI32.o [4]
__aeabi_d2uiz           0x08011835          Code  Gb  DblToI32.o [4]
__aeabi_dadd            0x08011f3d          Code  Gb  DblAdd.o [4]
__aeabi_ddiv            0x08011bb5          Code  Gb  DblDiv.o [4]
__aeabi_dmul            0x08011a11          Code  Gb  DblMul.o [4]
__aeabi_dsub            0x08011891          Code  Gb  DblSub.o [4]
__aeabi_errno_addr      0x0801b345     0x6  Code  Gb  errno.o [3]
__aeabi_f2d             0x08014ae9          Code  Gb  FltToDbl.o [4]
__aeabi_f2iz            0x08017b1d          Code  Gb  FltToS32.o [4]
__aeabi_f2uiz           0x08017ea1          Code  Gb  FltToU32.o [4]
__aeabi_fadd            0x08017d45          Code  Gb  FltAdd.o [4]
__aeabi_fdiv            0x08017c49          Code  Gb  FltDiv.o [4]
__aeabi_fmul            0x08017dc9          Code  Gb  FltMul.o [4]
__aeabi_fsub            0x08017b61          Code  Gb  FltSub.o [4]
__aeabi_i2d             0x08011861          Code  Gb  I32ToDbl.o [4]
__aeabi_i2f             0x08014ab5          Code  Gb  I32ToFlt.o [4]
__aeabi_ldiv0           0x08011f39          Code  Gb  I64DivZer.o [5]
__aeabi_memset          0x08018f59          Code  Gb  ABImemset.o [5]
__aeabi_ui2d            0x08011875          Code  Gb  I32ToDbl.o [4]
__aeabi_ui2f            0x08014ac9          Code  Gb  I32ToFlt.o [4]
__aeabi_uldivmod        0x0801156d          Code  Gb  I64DivMod.o [5]
__cmain                 0x0801df9d          Code  Gb  cmain.o [5]
__data_Aldata           0x2000e350     0x8  Data  Gb  xxmemxmalloc.o [3]
__data_GetMemChunk      0x08011f0d    0x2c  Code  Gb  xgetmemchunk.o [3]
__exit                  0x0801dfcd    0x14  Code  Gb  exit.o [6]
__iar_Dnorm             0x0801165b    0x42  Code  Gb  xdnorm.o [4]
__iar_Dscale            0x080116fd   0x10c  Code  Gb  xdscale.o [4]
__iar_Dtentox           0x0801af43   0x14c  Code  Gb  xdtento.o [4]
__iar_Dunscale          0x0801ca85    0x52  Code  Gb  xdunscal.o [4]
__iar_Errno             0x200000c0     0x4  Data  Gb  errno.o [3]
__iar_Locale_lconv_init
                        0x08011e0d    0x3a  Code  Gb  localeconv.o [3]
__iar_Mbcurmax          0x0801139d     0xa  Code  Gb  xmbcurmax.o [3]
__iar_Memchr            0x08011345          Code  Gb  memchr.o [5]
__iar_Memset            0x08018f59          Code  Gb  ABImemset.o [5]
__iar_Memset_word       0x08018f61          Code  Gb  ABImemset.o [5]
__iar_Stod              0x08019109     0x4  Code  Gb  xstod.o [4]
__iar_Stodx             0x08018fc1   0x13a  Code  Gb  xstod.o [4]
__iar_Stoul             0x08019251     0x4  Code  Gb  xstoul.o [3]
__iar_Stoulx            0x0801910d   0x13e  Code  Gb  xstoul.o [3]
__iar_Strchr            0x080112dd          Code  Gb  strchr.o [5]
__iar_Strstr            0x08018f2d    0x2c  Code  Gb  strstr.o [3]
__iar_d2uiz             0x08011841          Code  Gb  DblToI32.o [4]
__iar_dadd              0x08011f51          Code  Gb  DblAdd.o [4]
__iar_data_init3        0x0801dea9    0x28  Code  Gb  data_init.o [5]
__iar_dlib_perthread_access
                        0x08012025     0x2  Code  Gb  xtls.o [3]
__iar_dsub              0x080118a5          Code  Gb  DblSub.o [4]
__iar_dsubStart         0x080118b7          Code  Gb  DblSub.o [4]
__iar_fadd              0x08017d55          Code  Gb  FltAdd.o [4]
__iar_fsub              0x08017b71          Code  Gb  FltSub.o [4]
__iar_fsubStart         0x08017b81          Code  Gb  FltSub.o [4]
__iar_packbits_init_single3
                        0x0801dcfb    0x38  Code  Gb  packbits_init_single.o [5]
__iar_program_start     0x0801e135          Code  Gb  cstartup_M.o [5]
__iar_ui2d              0x08011879          Code  Gb  I32ToDbl.o [4]
__iar_ui2f              0x08014acd          Code  Gb  I32ToFlt.o [4]
__iar_unaligned___aeabi_memcpy
                        0x08011475          Code  Gb  ABImemcpy_unaligned.o [5]
__iar_unaligned___aeabi_memcpy4
                        0x08011495          Code  Gb  ABImemcpy_unaligned.o [5]
__iar_unaligned___aeabi_memcpy8
                        0x08011495          Code  Gb  ABImemcpy_unaligned.o [5]
__iar_unaligned_strcpy  0x0801d5d9          Code  Gb  strcpy_unaligned.o [5]
__iar_unaligned_strncpy
                        0x08017a19          Code  Gb  strncpy_unaligned.o [5]
__iar_zero_init3        0x0801dcbb    0x40  Code  Gb  zero_init3.o [5]
__low_level_init        0x0801dfb7     0x4  Code  Gb  low_level_init.o [3]
__vector_table          0x08010000   0x150  Data  Gb  cstartup.o [1]
_call_main              0x0801dfa9          Code  Gb  cmain.o [5]
_exit                   0x0801dfc1          Code  Gb  cexit.o [5]
_main                   0x0801dfb3          Code  Gb  cmain.o [5]
abs                     0x080180e9     0x8  Code  Gb  abs.o [3]
app_ReadOneRecord       0x08019f07    0x4a  Code  Gb  APP_task_osal_store.o [1]
app_dtu_rec             0x0801c66d   0x182  Code  Gb  app_dtu_rec.o [1]
app_dtu_send            0x0801c825   0x240  Code  Gb  app_dtu_send.o [1]
app_iap_deal            0x0801d215   0x3c4  Code  Gb  IAP_program_mcu.o [1]
app_init_sctrl          0x08019f75   0x530  Code  Gb  app_var.o [1]
app_mtr_com             0x0801c07d   0x2a6  Code  Gb  app_mtr_com.o [1]
app_operate_para        0x0801c335   0x338  Code  Gb  app_dtu_rec.o [1]
atof                    0x08017a85     0x8  Code  Gb  atof.o [4]
atoi                    0x08017ec5     0x8  Code  Gb  atoi.o [3]
delay                   0x08018a77    0x1c  Code  Lc  stm32f10x_flash.o [1]
digits                  0x08019254    0x28  Data  Lc  xstoul.o [3]
dis_mode                0x2000e41c     0x1  Data  Lc  app_task_osal_disp.o [1]
dis_num_pos             0x2000e420     0x1  Data  Gb  bsp_max7219.o [1]
div                     0x08011e79     0xe  Code  Gb  div.o [3]
dmul                    0x0801aef1    0x52  Code  Lc  xdtento.o [4]
exit                    0x0801dfbb     0x4  Code  Gb  exit.o [3]
free                    0x080114ed    0x7a  Code  Gb  xxmemxfree.o [3]
isalpha                 0x0801b309    0x14  Code  Gb  isxxx.o [3]
isspace                 0x0801b31d    0x14  Code  Gb  isxxx.o [3]
localeconv              0x08011e47    0x16  Code  Gb  localeconv.o [3]
main                    0x0801bdc9    0x58  Code  Gb  app.o [1]
malloc                  0x080113a9    0xac  Code  Gb  xxmemxmalloc.o [3]
memchr                  0x08011345          Code  Gb  memchr.o [5]
ndigs                   0x0801927c    0x28  Data  Lc  xstoul.o [3]
osalAddTimer            0x0801bc03    0x70  Code  Gb  osal_timer.o [1]
osalEventHandle         0x0801a591    0x94  Code  Gb  app_task_osal.o [1]
osalEventInit           0x0801a57d    0x14  Code  Gb  app_task_osal.o [1]
osalFindTask            0x0801abe9    0x1a  Code  Gb  osal_event.o [1]
osalFindTimer           0x0801bc73    0x1c  Code  Gb  osal_timer.o [1]
osalNextActiveTask      0x0801abd1    0x18  Code  Gb  osal_event.o [1]
osalTimer               0x2000d81c   0x190  Data  Gb  osal_timer.o [1]
osalTimerInit           0x0801bb95    0x6e  Code  Gb  osal_timer.o [1]
osalTimerUpdate         0x0801bd3b    0x7c  Code  Gb  osal_timer.o [1]
osal_Task_init          0x0801ab39    0x38  Code  Gb  osal_event.o [1]
osal_add_Task           0x0801ab71    0x60  Code  Gb  osal_event.o [1]
osal_init_TaskHead      0x0801aac5    0x74  Code  Gb  osal_event.o [1]
osal_init_system        0x0801b577     0xe  Code  Gb  osal.o [1]
osal_set_event          0x0801b545    0x32  Code  Gb  osal.o [1]
osal_start_timerEx      0x0801bca3    0x4a  Code  Gb  osal_timer.o [1]
osal_start_timerRl      0x0801bced    0x4e  Code  Gb  osal_timer.o [1]
osal_system_clock       0x2000e3fc     0x4  Data  Gb  osal_timer.o [1]
osal_timer_activate     0x0801bc8f    0x12  Code  Gb  osal_timer.o [1]
osal_timer_hw_setup     0x0801bca1     0x2  Code  Gb  osal_timer.o [1]
pows                    0x0801b0a8    0x48  Data  Lc  xdtento.o [4]
snprintf                0x0801d655    0x44  Code  Gb  snprintf.o [3]
strchr                  0x080112dd          Code  Gb  strchr.o [5]
strlen                  0x0801130d          Code  Gb  strlen.o [5]
strstr                  0x08017a11     0x8  Code  Gb  bsp_q560.o [1]
t_now                   0x2000e36c     0x4  Data  Gb  bsp_time.o [1]
timerActive             0x2000e42c     0x1  Data  Gb  osal_timer.o [1]
timerHead               0x2000e3f8     0x4  Data  Gb  osal_timer.o [1]
tm_now                  0x2000000c    0x2c  Data  Gb  bsp_time.o [1]
tolower                 0x0801b331    0x14  Code  Gb  tolower.o [3]
uprintf                 0x0801986d    0x2e  Code  Gb  bsp_max7219.o [1]
vsnprintf               0x0801b509    0x3c  Code  Gb  vsnprint.o [3]
xDate2Seconds           0x08017f63    0x78  Code  Gb  bsp_time.o [1]
xSeconds2Date           0x08017fdb    0xf6  Code  Gb  bsp_time.o [1]


[1] = F:\iar\NC210\NC210-200处理板\project\app_release\Obj
[2] = command line
[3] = dl7M_tlf.a
[4] = m7M_tl.a
[5] = rt7M_tl.a
[6] = shb_l.a

  55 758 bytes of readonly  code memory
   2 146 bytes of readonly  data memory
  58 413 bytes of readwrite data memory

Errors: none
Warnings: none
